# salman trace format 1
# salman version: 0.1.0
# seed: 0
# clock: virtual (reproducible)
# fingerprint: 2b75e6577c5a3c769adf0e583303acf3f509cd25fdd3bb17edc241d4d743cc21
# samples: 1000
scan	time	task	Scan	Wrapping	Drift	Third	NotANumber	Infinite	NegZero	Elapsed	Phase	Alternating	Second
1	T#0s	0	1	100	0.10000000149011612	0.3333333333333333	NaN	inf	-0.0	T#1s	1	TRUE	0
2	T#0s	1	1	100	0.10000000149011612	0.3333333333333333	NaN	inf	-0.0	T#1s	1	TRUE	1
3	T#1ms	0	2	-56	0.20000000298023224	0.6666666666666666	NaN	inf	-0.0	T#2s	2	FALSE	1
4	T#1ms	1	2	-56	0.20000000298023224	0.6666666666666666	NaN	inf	-0.0	T#2s	2	FALSE	2
5	T#2ms	0	3	44	0.30000001192092896	1.0	NaN	inf	-0.0	T#3s	0	TRUE	2
6	T#2ms	1	3	44	0.30000001192092896	1.0	NaN	inf	-0.0	T#3s	0	TRUE	3
7	T#3ms	0	4	-112	0.4000000059604645	1.3333333333333333	NaN	inf	-0.0	T#4s	1	FALSE	3
8	T#3ms	1	4	-112	0.4000000059604645	1.3333333333333333	NaN	inf	-0.0	T#4s	1	FALSE	4
9	T#4ms	0	5	-12	0.5	1.6666666666666667	NaN	inf	-0.0	T#5s	2	TRUE	4
10	T#4ms	1	5	-12	0.5	1.6666666666666667	NaN	inf	-0.0	T#5s	2	TRUE	5
11	T#5ms	0	6	88	0.6000000238418579	2.0	NaN	inf	-0.0	T#6s	0	FALSE	5
12	T#5ms	1	6	88	0.6000000238418579	2.0	NaN	inf	-0.0	T#6s	0	FALSE	6
13	T#6ms	0	7	-68	0.7000000476837158	2.3333333333333335	NaN	inf	-0.0	T#7s	1	TRUE	6
14	T#6ms	1	7	-68	0.7000000476837158	2.3333333333333335	NaN	inf	-0.0	T#7s	1	TRUE	7
15	T#7ms	0	8	32	0.8000000715255737	2.6666666666666665	NaN	inf	-0.0	T#8s	2	FALSE	7
16	T#7ms	1	8	32	0.8000000715255737	2.6666666666666665	NaN	inf	-0.0	T#8s	2	FALSE	8
17	T#8ms	0	9	-124	0.9000000953674316	3.0	NaN	inf	-0.0	T#9s	0	TRUE	8
18	T#8ms	1	9	-124	0.9000000953674316	3.0	NaN	inf	-0.0	T#9s	0	TRUE	9
19	T#9ms	0	10	-24	1.0000001192092896	3.3333333333333335	NaN	inf	-0.0	T#10s	1	FALSE	9
20	T#9ms	1	10	-24	1.0000001192092896	3.3333333333333335	NaN	inf	-0.0	T#10s	1	FALSE	10
21	T#10ms	0	11	76	1.1000001430511475	3.6666666666666665	NaN	inf	-0.0	T#11s	2	TRUE	10
22	T#10ms	1	11	76	1.1000001430511475	3.6666666666666665	NaN	inf	-0.0	T#11s	2	TRUE	11
23	T#11ms	0	12	-80	1.2000001668930054	4.0	NaN	inf	-0.0	T#12s	0	FALSE	11
24	T#11ms	1	12	-80	1.2000001668930054	4.0	NaN	inf	-0.0	T#12s	0	FALSE	12
25	T#12ms	0	13	20	1.3000001907348633	4.333333333333333	NaN	inf	-0.0	T#13s	1	TRUE	12
26	T#12ms	1	13	20	1.3000001907348633	4.333333333333333	NaN	inf	-0.0	T#13s	1	TRUE	13
27	T#13ms	0	14	120	1.4000002145767212	4.666666666666667	NaN	inf	-0.0	T#14s	2	FALSE	13
28	T#13ms	1	14	120	1.4000002145767212	4.666666666666667	NaN	inf	-0.0	T#14s	2	FALSE	14
29	T#14ms	0	15	-36	1.500000238418579	5.0	NaN	inf	-0.0	T#15s	0	TRUE	14
30	T#14ms	1	15	-36	1.500000238418579	5.0	NaN	inf	-0.0	T#15s	0	TRUE	15
31	T#15ms	0	16	64	1.600000262260437	5.333333333333333	NaN	inf	-0.0	T#16s	1	FALSE	15
32	T#15ms	1	16	64	1.600000262260437	5.333333333333333	NaN	inf	-0.0	T#16s	1	FALSE	16
33	T#16ms	0	17	-92	1.700000286102295	5.666666666666667	NaN	inf	-0.0	T#17s	2	TRUE	16
34	T#16ms	1	17	-92	1.700000286102295	5.666666666666667	NaN	inf	-0.0	T#17s	2	TRUE	17
35	T#17ms	0	18	8	1.8000003099441528	6.0	NaN	inf	-0.0	T#18s	0	FALSE	17
36	T#17ms	1	18	8	1.8000003099441528	6.0	NaN	inf	-0.0	T#18s	0	FALSE	18
37	T#18ms	0	19	108	1.9000003337860107	6.333333333333333	NaN	inf	-0.0	T#19s	1	TRUE	18
38	T#18ms	1	19	108	1.9000003337860107	6.333333333333333	NaN	inf	-0.0	T#19s	1	TRUE	19
39	T#19ms	0	20	-48	2.000000238418579	6.666666666666667	NaN	inf	-0.0	T#20s	2	FALSE	19
40	T#19ms	1	20	-48	2.000000238418579	6.666666666666667	NaN	inf	-0.0	T#20s	2	FALSE	20
41	T#20ms	0	21	52	2.1000001430511475	7.0	NaN	inf	-0.0	T#21s	0	TRUE	20
42	T#20ms	1	21	52	2.1000001430511475	7.0	NaN	inf	-0.0	T#21s	0	TRUE	21
43	T#21ms	0	22	-104	2.200000047683716	7.333333333333333	NaN	inf	-0.0	T#22s	1	FALSE	21
44	T#21ms	1	22	-104	2.200000047683716	7.333333333333333	NaN	inf	-0.0	T#22s	1	FALSE	22
45	T#22ms	0	23	-4	2.299999952316284	7.666666666666667	NaN	inf	-0.0	T#23s	2	TRUE	22
46	T#22ms	1	23	-4	2.299999952316284	7.666666666666667	NaN	inf	-0.0	T#23s	2	TRUE	23
47	T#23ms	0	24	96	2.3999998569488525	8.0	NaN	inf	-0.0	T#24s	0	FALSE	23
48	T#23ms	1	24	96	2.3999998569488525	8.0	NaN	inf	-0.0	T#24s	0	FALSE	24
49	T#24ms	0	25	-60	2.499999761581421	8.333333333333334	NaN	inf	-0.0	T#25s	1	TRUE	24
50	T#24ms	1	25	-60	2.499999761581421	8.333333333333334	NaN	inf	-0.0	T#25s	1	TRUE	25
51	T#25ms	0	26	40	2.5999996662139893	8.666666666666666	NaN	inf	-0.0	T#26s	2	FALSE	25
52	T#25ms	1	26	40	2.5999996662139893	8.666666666666666	NaN	inf	-0.0	T#26s	2	FALSE	26
53	T#26ms	0	27	-116	2.6999995708465576	9.0	NaN	inf	-0.0	T#27s	0	TRUE	26
54	T#26ms	1	27	-116	2.6999995708465576	9.0	NaN	inf	-0.0	T#27s	0	TRUE	27
55	T#27ms	0	28	-16	2.799999475479126	9.333333333333334	NaN	inf	-0.0	T#28s	1	FALSE	27
56	T#27ms	1	28	-16	2.799999475479126	9.333333333333334	NaN	inf	-0.0	T#28s	1	FALSE	28
57	T#28ms	0	29	84	2.8999993801116943	9.666666666666666	NaN	inf	-0.0	T#29s	2	TRUE	28
58	T#28ms	1	29	84	2.8999993801116943	9.666666666666666	NaN	inf	-0.0	T#29s	2	TRUE	29
59	T#29ms	0	30	-72	2.9999992847442627	10.0	NaN	inf	-0.0	T#30s	0	FALSE	29
60	T#29ms	1	30	-72	2.9999992847442627	10.0	NaN	inf	-0.0	T#30s	0	FALSE	30
61	T#30ms	0	31	28	3.099999189376831	10.333333333333334	NaN	inf	-0.0	T#31s	1	TRUE	30
62	T#30ms	1	31	28	3.099999189376831	10.333333333333334	NaN	inf	-0.0	T#31s	1	TRUE	31
63	T#31ms	0	32	-128	3.1999990940093994	10.666666666666666	NaN	inf	-0.0	T#32s	2	FALSE	31
64	T#31ms	1	32	-128	3.1999990940093994	10.666666666666666	NaN	inf	-0.0	T#32s	2	FALSE	32
65	T#32ms	0	33	-28	3.2999989986419678	11.0	NaN	inf	-0.0	T#33s	0	TRUE	32
66	T#32ms	1	33	-28	3.2999989986419678	11.0	NaN	inf	-0.0	T#33s	0	TRUE	33
67	T#33ms	0	34	72	3.399998903274536	11.333333333333334	NaN	inf	-0.0	T#34s	1	FALSE	33
68	T#33ms	1	34	72	3.399998903274536	11.333333333333334	NaN	inf	-0.0	T#34s	1	FALSE	34
69	T#34ms	0	35	-84	3.4999988079071045	11.666666666666666	NaN	inf	-0.0	T#35s	2	TRUE	34
70	T#34ms	1	35	-84	3.4999988079071045	11.666666666666666	NaN	inf	-0.0	T#35s	2	TRUE	35
71	T#35ms	0	36	16	3.599998712539673	12.0	NaN	inf	-0.0	T#36s	0	FALSE	35
72	T#35ms	1	36	16	3.599998712539673	12.0	NaN	inf	-0.0	T#36s	0	FALSE	36
73	T#36ms	0	37	116	3.699998617172241	12.333333333333334	NaN	inf	-0.0	T#37s	1	TRUE	36
74	T#36ms	1	37	116	3.699998617172241	12.333333333333334	NaN	inf	-0.0	T#37s	1	TRUE	37
75	T#37ms	0	38	-40	3.7999985218048096	12.666666666666666	NaN	inf	-0.0	T#38s	2	FALSE	37
76	T#37ms	1	38	-40	3.7999985218048096	12.666666666666666	NaN	inf	-0.0	T#38s	2	FALSE	38
77	T#38ms	0	39	60	3.899998426437378	13.0	NaN	inf	-0.0	T#39s	0	TRUE	38
78	T#38ms	1	39	60	3.899998426437378	13.0	NaN	inf	-0.0	T#39s	0	TRUE	39
79	T#39ms	0	40	-96	3.9999983310699463	13.333333333333334	NaN	inf	-0.0	T#40s	1	FALSE	39
80	T#39ms	1	40	-96	3.9999983310699463	13.333333333333334	NaN	inf	-0.0	T#40s	1	FALSE	40
81	T#40ms	0	41	4	4.099998474121094	13.666666666666666	NaN	inf	-0.0	T#41s	2	TRUE	40
82	T#40ms	1	41	4	4.099998474121094	13.666666666666666	NaN	inf	-0.0	T#41s	2	TRUE	41
83	T#41ms	0	42	104	4.199998378753662	14.0	NaN	inf	-0.0	T#42s	0	FALSE	41
84	T#41ms	1	42	104	4.199998378753662	14.0	NaN	inf	-0.0	T#42s	0	FALSE	42
85	T#42ms	0	43	-52	4.2999982833862305	14.333333333333334	NaN	inf	-0.0	T#43s	1	TRUE	42
86	T#42ms	1	43	-52	4.2999982833862305	14.333333333333334	NaN	inf	-0.0	T#43s	1	TRUE	43
87	T#43ms	0	44	48	4.399998188018799	14.666666666666666	NaN	inf	-0.0	T#44s	2	FALSE	43
88	T#43ms	1	44	48	4.399998188018799	14.666666666666666	NaN	inf	-0.0	T#44s	2	FALSE	44
89	T#44ms	0	45	-108	4.499998092651367	15.0	NaN	inf	-0.0	T#45s	0	TRUE	44
90	T#44ms	1	45	-108	4.499998092651367	15.0	NaN	inf	-0.0	T#45s	0	TRUE	45
91	T#45ms	0	46	-8	4.5999979972839355	15.333333333333334	NaN	inf	-0.0	T#46s	1	FALSE	45
92	T#45ms	1	46	-8	4.5999979972839355	15.333333333333334	NaN	inf	-0.0	T#46s	1	FALSE	46
93	T#46ms	0	47	92	4.699997901916504	15.666666666666666	NaN	inf	-0.0	T#47s	2	TRUE	46
94	T#46ms	1	47	92	4.699997901916504	15.666666666666666	NaN	inf	-0.0	T#47s	2	TRUE	47
95	T#47ms	0	48	-64	4.799997806549072	16.0	NaN	inf	-0.0	T#48s	0	FALSE	47
96	T#47ms	1	48	-64	4.799997806549072	16.0	NaN	inf	-0.0	T#48s	0	FALSE	48
97	T#48ms	0	49	36	4.899997711181641	16.333333333333332	NaN	inf	-0.0	T#49s	1	TRUE	48
98	T#48ms	1	49	36	4.899997711181641	16.333333333333332	NaN	inf	-0.0	T#49s	1	TRUE	49
99	T#49ms	0	50	-120	4.999997615814209	16.666666666666668	NaN	inf	-0.0	T#50s	2	FALSE	49
100	T#49ms	1	50	-120	4.999997615814209	16.666666666666668	NaN	inf	-0.0	T#50s	2	FALSE	50
101	T#50ms	0	51	-20	5.099997520446777	17.0	NaN	inf	-0.0	T#51s	0	TRUE	50
102	T#50ms	1	51	-20	5.099997520446777	17.0	NaN	inf	-0.0	T#51s	0	TRUE	51
103	T#51ms	0	52	80	5.199997425079346	17.333333333333332	NaN	inf	-0.0	T#52s	1	FALSE	51
104	T#51ms	1	52	80	5.199997425079346	17.333333333333332	NaN	inf	-0.0	T#52s	1	FALSE	52
105	T#52ms	0	53	-76	5.299997329711914	17.666666666666668	NaN	inf	-0.0	T#53s	2	TRUE	52
106	T#52ms	1	53	-76	5.299997329711914	17.666666666666668	NaN	inf	-0.0	T#53s	2	TRUE	53
107	T#53ms	0	54	24	5.399997234344482	18.0	NaN	inf	-0.0	T#54s	0	FALSE	53
108	T#53ms	1	54	24	5.399997234344482	18.0	NaN	inf	-0.0	T#54s	0	FALSE	54
109	T#54ms	0	55	124	5.499997138977051	18.333333333333332	NaN	inf	-0.0	T#55s	1	TRUE	54
110	T#54ms	1	55	124	5.499997138977051	18.333333333333332	NaN	inf	-0.0	T#55s	1	TRUE	55
111	T#55ms	0	56	-32	5.599997043609619	18.666666666666668	NaN	inf	-0.0	T#56s	2	FALSE	55
112	T#55ms	1	56	-32	5.599997043609619	18.666666666666668	NaN	inf	-0.0	T#56s	2	FALSE	56
113	T#56ms	0	57	68	5.6999969482421875	19.0	NaN	inf	-0.0	T#57s	0	TRUE	56
114	T#56ms	1	57	68	5.6999969482421875	19.0	NaN	inf	-0.0	T#57s	0	TRUE	57
115	T#57ms	0	58	-88	5.799996852874756	19.333333333333332	NaN	inf	-0.0	T#58s	1	FALSE	57
116	T#57ms	1	58	-88	5.799996852874756	19.333333333333332	NaN	inf	-0.0	T#58s	1	FALSE	58
117	T#58ms	0	59	12	5.899996757507324	19.666666666666668	NaN	inf	-0.0	T#59s	2	TRUE	58
118	T#58ms	1	59	12	5.899996757507324	19.666666666666668	NaN	inf	-0.0	T#59s	2	TRUE	59
119	T#59ms	0	60	112	5.999996662139893	20.0	NaN	inf	-0.0	T#1m	0	FALSE	59
120	T#59ms	1	60	112	5.999996662139893	20.0	NaN	inf	-0.0	T#1m	0	FALSE	60
121	T#60ms	0	61	-44	6.099996566772461	20.333333333333332	NaN	inf	-0.0	T#1m1s	1	TRUE	60
122	T#60ms	1	61	-44	6.099996566772461	20.333333333333332	NaN	inf	-0.0	T#1m1s	1	TRUE	61
123	T#61ms	0	62	56	6.199996471405029	20.666666666666668	NaN	inf	-0.0	T#1m2s	2	FALSE	61
124	T#61ms	1	62	56	6.199996471405029	20.666666666666668	NaN	inf	-0.0	T#1m2s	2	FALSE	62
125	T#62ms	0	63	-100	6.299996376037598	21.0	NaN	inf	-0.0	T#1m3s	0	TRUE	62
126	T#62ms	1	63	-100	6.299996376037598	21.0	NaN	inf	-0.0	T#1m3s	0	TRUE	63
127	T#63ms	0	64	0	6.399996280670166	21.333333333333332	NaN	inf	-0.0	T#1m4s	1	FALSE	63
128	T#63ms	1	64	0	6.399996280670166	21.333333333333332	NaN	inf	-0.0	T#1m4s	1	FALSE	64
129	T#64ms	0	65	100	6.499996185302734	21.666666666666668	NaN	inf	-0.0	T#1m5s	2	TRUE	64
130	T#64ms	1	65	100	6.499996185302734	21.666666666666668	NaN	inf	-0.0	T#1m5s	2	TRUE	65
131	T#65ms	0	66	-56	6.599996089935303	22.0	NaN	inf	-0.0	T#1m6s	0	FALSE	65
132	T#65ms	1	66	-56	6.599996089935303	22.0	NaN	inf	-0.0	T#1m6s	0	FALSE	66
133	T#66ms	0	67	44	6.699995994567871	22.333333333333332	NaN	inf	-0.0	T#1m7s	1	TRUE	66
134	T#66ms	1	67	44	6.699995994567871	22.333333333333332	NaN	inf	-0.0	T#1m7s	1	TRUE	67
135	T#67ms	0	68	-112	6.7999958992004395	22.666666666666668	NaN	inf	-0.0	T#1m8s	2	FALSE	67
136	T#67ms	1	68	-112	6.7999958992004395	22.666666666666668	NaN	inf	-0.0	T#1m8s	2	FALSE	68
137	T#68ms	0	69	-12	6.899995803833008	23.0	NaN	inf	-0.0	T#1m9s	0	TRUE	68
138	T#68ms	1	69	-12	6.899995803833008	23.0	NaN	inf	-0.0	T#1m9s	0	TRUE	69
139	T#69ms	0	70	88	6.999995708465576	23.333333333333332	NaN	inf	-0.0	T#1m10s	1	FALSE	69
140	T#69ms	1	70	88	6.999995708465576	23.333333333333332	NaN	inf	-0.0	T#1m10s	1	FALSE	70
141	T#70ms	0	71	-68	7.0999956130981445	23.666666666666668	NaN	inf	-0.0	T#1m11s	2	TRUE	70
142	T#70ms	1	71	-68	7.0999956130981445	23.666666666666668	NaN	inf	-0.0	T#1m11s	2	TRUE	71
143	T#71ms	0	72	32	7.199995517730713	24.0	NaN	inf	-0.0	T#1m12s	0	FALSE	71
144	T#71ms	1	72	32	7.199995517730713	24.0	NaN	inf	-0.0	T#1m12s	0	FALSE	72
145	T#72ms	0	73	-124	7.299995422363281	24.333333333333332	NaN	inf	-0.0	T#1m13s	1	TRUE	72
146	T#72ms	1	73	-124	7.299995422363281	24.333333333333332	NaN	inf	-0.0	T#1m13s	1	TRUE	73
147	T#73ms	0	74	-24	7.39999532699585	24.666666666666668	NaN	inf	-0.0	T#1m14s	2	FALSE	73
148	T#73ms	1	74	-24	7.39999532699585	24.666666666666668	NaN	inf	-0.0	T#1m14s	2	FALSE	74
149	T#74ms	0	75	76	7.499995231628418	25.0	NaN	inf	-0.0	T#1m15s	0	TRUE	74
150	T#74ms	1	75	76	7.499995231628418	25.0	NaN	inf	-0.0	T#1m15s	0	TRUE	75
151	T#75ms	0	76	-80	7.599995136260986	25.333333333333332	NaN	inf	-0.0	T#1m16s	1	FALSE	75
152	T#75ms	1	76	-80	7.599995136260986	25.333333333333332	NaN	inf	-0.0	T#1m16s	1	FALSE	76
153	T#76ms	0	77	20	7.699995040893555	25.666666666666668	NaN	inf	-0.0	T#1m17s	2	TRUE	76
154	T#76ms	1	77	20	7.699995040893555	25.666666666666668	NaN	inf	-0.0	T#1m17s	2	TRUE	77
155	T#77ms	0	78	120	7.799994945526123	26.0	NaN	inf	-0.0	T#1m18s	0	FALSE	77
156	T#77ms	1	78	120	7.799994945526123	26.0	NaN	inf	-0.0	T#1m18s	0	FALSE	78
157	T#78ms	0	79	-36	7.899994850158691	26.333333333333332	NaN	inf	-0.0	T#1m19s	1	TRUE	78
158	T#78ms	1	79	-36	7.899994850158691	26.333333333333332	NaN	inf	-0.0	T#1m19s	1	TRUE	79
159	T#79ms	0	80	64	7.99999475479126	26.666666666666668	NaN	inf	-0.0	T#1m20s	2	FALSE	79
160	T#79ms	1	80	64	7.99999475479126	26.666666666666668	NaN	inf	-0.0	T#1m20s	2	FALSE	80
161	T#80ms	0	81	-92	8.099994659423828	27.0	NaN	inf	-0.0	T#1m21s	0	TRUE	80
162	T#80ms	1	81	-92	8.099994659423828	27.0	NaN	inf	-0.0	T#1m21s	0	TRUE	81
163	T#81ms	0	82	8	8.199995040893555	27.333333333333332	NaN	inf	-0.0	T#1m22s	1	FALSE	81
164	T#81ms	1	82	8	8.199995040893555	27.333333333333332	NaN	inf	-0.0	T#1m22s	1	FALSE	82
165	T#82ms	0	83	108	8.299995422363281	27.666666666666668	NaN	inf	-0.0	T#1m23s	2	TRUE	82
166	T#82ms	1	83	108	8.299995422363281	27.666666666666668	NaN	inf	-0.0	T#1m23s	2	TRUE	83
167	T#83ms	0	84	-48	8.399995803833008	28.0	NaN	inf	-0.0	T#1m24s	0	FALSE	83
168	T#83ms	1	84	-48	8.399995803833008	28.0	NaN	inf	-0.0	T#1m24s	0	FALSE	84
169	T#84ms	0	85	52	8.499996185302734	28.333333333333332	NaN	inf	-0.0	T#1m25s	1	TRUE	84
170	T#84ms	1	85	52	8.499996185302734	28.333333333333332	NaN	inf	-0.0	T#1m25s	1	TRUE	85
171	T#85ms	0	86	-104	8.599996566772461	28.666666666666668	NaN	inf	-0.0	T#1m26s	2	FALSE	85
172	T#85ms	1	86	-104	8.599996566772461	28.666666666666668	NaN	inf	-0.0	T#1m26s	2	FALSE	86
173	T#86ms	0	87	-4	8.699996948242188	29.0	NaN	inf	-0.0	T#1m27s	0	TRUE	86
174	T#86ms	1	87	-4	8.699996948242188	29.0	NaN	inf	-0.0	T#1m27s	0	TRUE	87
175	T#87ms	0	88	96	8.799997329711914	29.333333333333332	NaN	inf	-0.0	T#1m28s	1	FALSE	87
176	T#87ms	1	88	96	8.799997329711914	29.333333333333332	NaN	inf	-0.0	T#1m28s	1	FALSE	88
177	T#88ms	0	89	-60	8.89999771118164	29.666666666666668	NaN	inf	-0.0	T#1m29s	2	TRUE	88
178	T#88ms	1	89	-60	8.89999771118164	29.666666666666668	NaN	inf	-0.0	T#1m29s	2	TRUE	89
179	T#89ms	0	90	40	8.999998092651367	30.0	NaN	inf	-0.0	T#1m30s	0	FALSE	89
180	T#89ms	1	90	40	8.999998092651367	30.0	NaN	inf	-0.0	T#1m30s	0	FALSE	90
181	T#90ms	0	91	-116	9.099998474121094	30.333333333333332	NaN	inf	-0.0	T#1m31s	1	TRUE	90
182	T#90ms	1	91	-116	9.099998474121094	30.333333333333332	NaN	inf	-0.0	T#1m31s	1	TRUE	91
183	T#91ms	0	92	-16	9.19999885559082	30.666666666666668	NaN	inf	-0.0	T#1m32s	2	FALSE	91
184	T#91ms	1	92	-16	9.19999885559082	30.666666666666668	NaN	inf	-0.0	T#1m32s	2	FALSE	92
185	T#92ms	0	93	84	9.299999237060547	31.0	NaN	inf	-0.0	T#1m33s	0	TRUE	92
186	T#92ms	1	93	84	9.299999237060547	31.0	NaN	inf	-0.0	T#1m33s	0	TRUE	93
187	T#93ms	0	94	-72	9.399999618530273	31.333333333333332	NaN	inf	-0.0	T#1m34s	1	FALSE	93
188	T#93ms	1	94	-72	9.399999618530273	31.333333333333332	NaN	inf	-0.0	T#1m34s	1	FALSE	94
189	T#94ms	0	95	28	9.5	31.666666666666668	NaN	inf	-0.0	T#1m35s	2	TRUE	94
190	T#94ms	1	95	28	9.5	31.666666666666668	NaN	inf	-0.0	T#1m35s	2	TRUE	95
191	T#95ms	0	96	-128	9.600000381469727	32.0	NaN	inf	-0.0	T#1m36s	0	FALSE	95
192	T#95ms	1	96	-128	9.600000381469727	32.0	NaN	inf	-0.0	T#1m36s	0	FALSE	96
193	T#96ms	0	97	-28	9.700000762939453	32.333333333333336	NaN	inf	-0.0	T#1m37s	1	TRUE	96
194	T#96ms	1	97	-28	9.700000762939453	32.333333333333336	NaN	inf	-0.0	T#1m37s	1	TRUE	97
195	T#97ms	0	98	72	9.80000114440918	32.666666666666664	NaN	inf	-0.0	T#1m38s	2	FALSE	97
196	T#97ms	1	98	72	9.80000114440918	32.666666666666664	NaN	inf	-0.0	T#1m38s	2	FALSE	98
197	T#98ms	0	99	-84	9.900001525878906	33.0	NaN	inf	-0.0	T#1m39s	0	TRUE	98
198	T#98ms	1	99	-84	9.900001525878906	33.0	NaN	inf	-0.0	T#1m39s	0	TRUE	99
199	T#99ms	0	100	16	10.000001907348633	33.333333333333336	NaN	inf	-0.0	T#1m40s	1	FALSE	99
200	T#99ms	1	100	16	10.000001907348633	33.333333333333336	NaN	inf	-0.0	T#1m40s	1	FALSE	100
201	T#100ms	0	101	116	10.10000228881836	33.666666666666664	NaN	inf	-0.0	T#1m41s	2	TRUE	100
202	T#100ms	1	101	116	10.10000228881836	33.666666666666664	NaN	inf	-0.0	T#1m41s	2	TRUE	101
203	T#101ms	0	102	-40	10.200002670288086	34.0	NaN	inf	-0.0	T#1m42s	0	FALSE	101
204	T#101ms	1	102	-40	10.200002670288086	34.0	NaN	inf	-0.0	T#1m42s	0	FALSE	102
205	T#102ms	0	103	60	10.300003051757813	34.333333333333336	NaN	inf	-0.0	T#1m43s	1	TRUE	102
206	T#102ms	1	103	60	10.300003051757813	34.333333333333336	NaN	inf	-0.0	T#1m43s	1	TRUE	103
207	T#103ms	0	104	-96	10.400003433227539	34.666666666666664	NaN	inf	-0.0	T#1m44s	2	FALSE	103
208	T#103ms	1	104	-96	10.400003433227539	34.666666666666664	NaN	inf	-0.0	T#1m44s	2	FALSE	104
209	T#104ms	0	105	4	10.500003814697266	35.0	NaN	inf	-0.0	T#1m45s	0	TRUE	104
210	T#104ms	1	105	4	10.500003814697266	35.0	NaN	inf	-0.0	T#1m45s	0	TRUE	105
211	T#105ms	0	106	104	10.600004196166992	35.333333333333336	NaN	inf	-0.0	T#1m46s	1	FALSE	105
212	T#105ms	1	106	104	10.600004196166992	35.333333333333336	NaN	inf	-0.0	T#1m46s	1	FALSE	106
213	T#106ms	0	107	-52	10.700004577636719	35.666666666666664	NaN	inf	-0.0	T#1m47s	2	TRUE	106
214	T#106ms	1	107	-52	10.700004577636719	35.666666666666664	NaN	inf	-0.0	T#1m47s	2	TRUE	107
215	T#107ms	0	108	48	10.800004959106445	36.0	NaN	inf	-0.0	T#1m48s	0	FALSE	107
216	T#107ms	1	108	48	10.800004959106445	36.0	NaN	inf	-0.0	T#1m48s	0	FALSE	108
217	T#108ms	0	109	-108	10.900005340576172	36.333333333333336	NaN	inf	-0.0	T#1m49s	1	TRUE	108
218	T#108ms	1	109	-108	10.900005340576172	36.333333333333336	NaN	inf	-0.0	T#1m49s	1	TRUE	109
219	T#109ms	0	110	-8	11.000005722045898	36.666666666666664	NaN	inf	-0.0	T#1m50s	2	FALSE	109
220	T#109ms	1	110	-8	11.000005722045898	36.666666666666664	NaN	inf	-0.0	T#1m50s	2	FALSE	110
221	T#110ms	0	111	92	11.100006103515625	37.0	NaN	inf	-0.0	T#1m51s	0	TRUE	110
222	T#110ms	1	111	92	11.100006103515625	37.0	NaN	inf	-0.0	T#1m51s	0	TRUE	111
223	T#111ms	0	112	-64	11.200006484985352	37.333333333333336	NaN	inf	-0.0	T#1m52s	1	FALSE	111
224	T#111ms	1	112	-64	11.200006484985352	37.333333333333336	NaN	inf	-0.0	T#1m52s	1	FALSE	112
225	T#112ms	0	113	36	11.300006866455078	37.666666666666664	NaN	inf	-0.0	T#1m53s	2	TRUE	112
226	T#112ms	1	113	36	11.300006866455078	37.666666666666664	NaN	inf	-0.0	T#1m53s	2	TRUE	113
227	T#113ms	0	114	-120	11.400007247924805	38.0	NaN	inf	-0.0	T#1m54s	0	FALSE	113
228	T#113ms	1	114	-120	11.400007247924805	38.0	NaN	inf	-0.0	T#1m54s	0	FALSE	114
229	T#114ms	0	115	-20	11.500007629394531	38.333333333333336	NaN	inf	-0.0	T#1m55s	1	TRUE	114
230	T#114ms	1	115	-20	11.500007629394531	38.333333333333336	NaN	inf	-0.0	T#1m55s	1	TRUE	115
231	T#115ms	0	116	80	11.600008010864258	38.666666666666664	NaN	inf	-0.0	T#1m56s	2	FALSE	115
232	T#115ms	1	116	80	11.600008010864258	38.666666666666664	NaN	inf	-0.0	T#1m56s	2	FALSE	116
233	T#116ms	0	117	-76	11.700008392333984	39.0	NaN	inf	-0.0	T#1m57s	0	TRUE	116
234	T#116ms	1	117	-76	11.700008392333984	39.0	NaN	inf	-0.0	T#1m57s	0	TRUE	117
235	T#117ms	0	118	24	11.800008773803711	39.333333333333336	NaN	inf	-0.0	T#1m58s	1	FALSE	117
236	T#117ms	1	118	24	11.800008773803711	39.333333333333336	NaN	inf	-0.0	T#1m58s	1	FALSE	118
237	T#118ms	0	119	124	11.900009155273438	39.666666666666664	NaN	inf	-0.0	T#1m59s	2	TRUE	118
238	T#118ms	1	119	124	11.900009155273438	39.666666666666664	NaN	inf	-0.0	T#1m59s	2	TRUE	119
239	T#119ms	0	120	-32	12.000009536743164	40.0	NaN	inf	-0.0	T#2m	0	FALSE	119
240	T#119ms	1	120	-32	12.000009536743164	40.0	NaN	inf	-0.0	T#2m	0	FALSE	120
241	T#120ms	0	121	68	12.10000991821289	40.333333333333336	NaN	inf	-0.0	T#2m1s	1	TRUE	120
242	T#120ms	1	121	68	12.10000991821289	40.333333333333336	NaN	inf	-0.0	T#2m1s	1	TRUE	121
243	T#121ms	0	122	-88	12.200010299682617	40.666666666666664	NaN	inf	-0.0	T#2m2s	2	FALSE	121
244	T#121ms	1	122	-88	12.200010299682617	40.666666666666664	NaN	inf	-0.0	T#2m2s	2	FALSE	122
245	T#122ms	0	123	12	12.300010681152344	41.0	NaN	inf	-0.0	T#2m3s	0	TRUE	122
246	T#122ms	1	123	12	12.300010681152344	41.0	NaN	inf	-0.0	T#2m3s	0	TRUE	123
247	T#123ms	0	124	112	12.40001106262207	41.333333333333336	NaN	inf	-0.0	T#2m4s	1	FALSE	123
248	T#123ms	1	124	112	12.40001106262207	41.333333333333336	NaN	inf	-0.0	T#2m4s	1	FALSE	124
249	T#124ms	0	125	-44	12.500011444091797	41.666666666666664	NaN	inf	-0.0	T#2m5s	2	TRUE	124
250	T#124ms	1	125	-44	12.500011444091797	41.666666666666664	NaN	inf	-0.0	T#2m5s	2	TRUE	125
251	T#125ms	0	126	56	12.600011825561523	42.0	NaN	inf	-0.0	T#2m6s	0	FALSE	125
252	T#125ms	1	126	56	12.600011825561523	42.0	NaN	inf	-0.0	T#2m6s	0	FALSE	126
253	T#126ms	0	127	-100	12.70001220703125	42.333333333333336	NaN	inf	-0.0	T#2m7s	1	TRUE	126
254	T#126ms	1	127	-100	12.70001220703125	42.333333333333336	NaN	inf	-0.0	T#2m7s	1	TRUE	127
255	T#127ms	0	128	0	12.800012588500977	42.666666666666664	NaN	inf	-0.0	T#2m8s	2	FALSE	127
256	T#127ms	1	128	0	12.800012588500977	42.666666666666664	NaN	inf	-0.0	T#2m8s	2	FALSE	128
257	T#128ms	0	129	100	12.900012969970703	43.0	NaN	inf	-0.0	T#2m9s	0	TRUE	128
258	T#128ms	1	129	100	12.900012969970703	43.0	NaN	inf	-0.0	T#2m9s	0	TRUE	129
259	T#129ms	0	130	-56	13.00001335144043	43.333333333333336	NaN	inf	-0.0	T#2m10s	1	FALSE	129
260	T#129ms	1	130	-56	13.00001335144043	43.333333333333336	NaN	inf	-0.0	T#2m10s	1	FALSE	130
261	T#130ms	0	131	44	13.100013732910156	43.666666666666664	NaN	inf	-0.0	T#2m11s	2	TRUE	130
262	T#130ms	1	131	44	13.100013732910156	43.666666666666664	NaN	inf	-0.0	T#2m11s	2	TRUE	131
263	T#131ms	0	132	-112	13.200014114379883	44.0	NaN	inf	-0.0	T#2m12s	0	FALSE	131
264	T#131ms	1	132	-112	13.200014114379883	44.0	NaN	inf	-0.0	T#2m12s	0	FALSE	132
265	T#132ms	0	133	-12	13.30001449584961	44.333333333333336	NaN	inf	-0.0	T#2m13s	1	TRUE	132
266	T#132ms	1	133	-12	13.30001449584961	44.333333333333336	NaN	inf	-0.0	T#2m13s	1	TRUE	133
267	T#133ms	0	134	88	13.400014877319336	44.666666666666664	NaN	inf	-0.0	T#2m14s	2	FALSE	133
268	T#133ms	1	134	88	13.400014877319336	44.666666666666664	NaN	inf	-0.0	T#2m14s	2	FALSE	134
269	T#134ms	0	135	-68	13.500015258789063	45.0	NaN	inf	-0.0	T#2m15s	0	TRUE	134
270	T#134ms	1	135	-68	13.500015258789063	45.0	NaN	inf	-0.0	T#2m15s	0	TRUE	135
271	T#135ms	0	136	32	13.600015640258789	45.333333333333336	NaN	inf	-0.0	T#2m16s	1	FALSE	135
272	T#135ms	1	136	32	13.600015640258789	45.333333333333336	NaN	inf	-0.0	T#2m16s	1	FALSE	136
273	T#136ms	0	137	-124	13.700016021728516	45.666666666666664	NaN	inf	-0.0	T#2m17s	2	TRUE	136
274	T#136ms	1	137	-124	13.700016021728516	45.666666666666664	NaN	inf	-0.0	T#2m17s	2	TRUE	137
275	T#137ms	0	138	-24	13.800016403198242	46.0	NaN	inf	-0.0	T#2m18s	0	FALSE	137
276	T#137ms	1	138	-24	13.800016403198242	46.0	NaN	inf	-0.0	T#2m18s	0	FALSE	138
277	T#138ms	0	139	76	13.900016784667969	46.333333333333336	NaN	inf	-0.0	T#2m19s	1	TRUE	138
278	T#138ms	1	139	76	13.900016784667969	46.333333333333336	NaN	inf	-0.0	T#2m19s	1	TRUE	139
279	T#139ms	0	140	-80	14.000017166137695	46.666666666666664	NaN	inf	-0.0	T#2m20s	2	FALSE	139
280	T#139ms	1	140	-80	14.000017166137695	46.666666666666664	NaN	inf	-0.0	T#2m20s	2	FALSE	140
281	T#140ms	0	141	20	14.100017547607422	47.0	NaN	inf	-0.0	T#2m21s	0	TRUE	140
282	T#140ms	1	141	20	14.100017547607422	47.0	NaN	inf	-0.0	T#2m21s	0	TRUE	141
283	T#141ms	0	142	120	14.200017929077148	47.333333333333336	NaN	inf	-0.0	T#2m22s	1	FALSE	141
284	T#141ms	1	142	120	14.200017929077148	47.333333333333336	NaN	inf	-0.0	T#2m22s	1	FALSE	142
285	T#142ms	0	143	-36	14.300018310546875	47.666666666666664	NaN	inf	-0.0	T#2m23s	2	TRUE	142
286	T#142ms	1	143	-36	14.300018310546875	47.666666666666664	NaN	inf	-0.0	T#2m23s	2	TRUE	143
287	T#143ms	0	144	64	14.400018692016602	48.0	NaN	inf	-0.0	T#2m24s	0	FALSE	143
288	T#143ms	1	144	64	14.400018692016602	48.0	NaN	inf	-0.0	T#2m24s	0	FALSE	144
289	T#144ms	0	145	-92	14.500019073486328	48.333333333333336	NaN	inf	-0.0	T#2m25s	1	TRUE	144
290	T#144ms	1	145	-92	14.500019073486328	48.333333333333336	NaN	inf	-0.0	T#2m25s	1	TRUE	145
291	T#145ms	0	146	8	14.600019454956055	48.666666666666664	NaN	inf	-0.0	T#2m26s	2	FALSE	145
292	T#145ms	1	146	8	14.600019454956055	48.666666666666664	NaN	inf	-0.0	T#2m26s	2	FALSE	146
293	T#146ms	0	147	108	14.700019836425781	49.0	NaN	inf	-0.0	T#2m27s	0	TRUE	146
294	T#146ms	1	147	108	14.700019836425781	49.0	NaN	inf	-0.0	T#2m27s	0	TRUE	147
295	T#147ms	0	148	-48	14.800020217895508	49.333333333333336	NaN	inf	-0.0	T#2m28s	1	FALSE	147
296	T#147ms	1	148	-48	14.800020217895508	49.333333333333336	NaN	inf	-0.0	T#2m28s	1	FALSE	148
297	T#148ms	0	149	52	14.900020599365234	49.666666666666664	NaN	inf	-0.0	T#2m29s	2	TRUE	148
298	T#148ms	1	149	52	14.900020599365234	49.666666666666664	NaN	inf	-0.0	T#2m29s	2	TRUE	149
299	T#149ms	0	150	-104	15.000020980834961	50.0	NaN	inf	-0.0	T#2m30s	0	FALSE	149
300	T#149ms	1	150	-104	15.000020980834961	50.0	NaN	inf	-0.0	T#2m30s	0	FALSE	150
301	T#150ms	0	151	-4	15.100021362304688	50.333333333333336	NaN	inf	-0.0	T#2m31s	1	TRUE	150
302	T#150ms	1	151	-4	15.100021362304688	50.333333333333336	NaN	inf	-0.0	T#2m31s	1	TRUE	151
303	T#151ms	0	152	96	15.200021743774414	50.666666666666664	NaN	inf	-0.0	T#2m32s	2	FALSE	151
304	T#151ms	1	152	96	15.200021743774414	50.666666666666664	NaN	inf	-0.0	T#2m32s	2	FALSE	152
305	T#152ms	0	153	-60	15.30002212524414	51.0	NaN	inf	-0.0	T#2m33s	0	TRUE	152
306	T#152ms	1	153	-60	15.30002212524414	51.0	NaN	inf	-0.0	T#2m33s	0	TRUE	153
307	T#153ms	0	154	40	15.400022506713867	51.333333333333336	NaN	inf	-0.0	T#2m34s	1	FALSE	153
308	T#153ms	1	154	40	15.400022506713867	51.333333333333336	NaN	inf	-0.0	T#2m34s	1	FALSE	154
309	T#154ms	0	155	-116	15.500022888183594	51.666666666666664	NaN	inf	-0.0	T#2m35s	2	TRUE	154
310	T#154ms	1	155	-116	15.500022888183594	51.666666666666664	NaN	inf	-0.0	T#2m35s	2	TRUE	155
311	T#155ms	0	156	-16	15.60002326965332	52.0	NaN	inf	-0.0	T#2m36s	0	FALSE	155
312	T#155ms	1	156	-16	15.60002326965332	52.0	NaN	inf	-0.0	T#2m36s	0	FALSE	156
313	T#156ms	0	157	84	15.700023651123047	52.333333333333336	NaN	inf	-0.0	T#2m37s	1	TRUE	156
314	T#156ms	1	157	84	15.700023651123047	52.333333333333336	NaN	inf	-0.0	T#2m37s	1	TRUE	157
315	T#157ms	0	158	-72	15.800024032592773	52.666666666666664	NaN	inf	-0.0	T#2m38s	2	FALSE	157
316	T#157ms	1	158	-72	15.800024032592773	52.666666666666664	NaN	inf	-0.0	T#2m38s	2	FALSE	158
317	T#158ms	0	159	28	15.9000244140625	53.0	NaN	inf	-0.0	T#2m39s	0	TRUE	158
318	T#158ms	1	159	28	15.9000244140625	53.0	NaN	inf	-0.0	T#2m39s	0	TRUE	159
319	T#159ms	0	160	-128	16.000024795532227	53.333333333333336	NaN	inf	-0.0	T#2m40s	1	FALSE	159
320	T#159ms	1	160	-128	16.000024795532227	53.333333333333336	NaN	inf	-0.0	T#2m40s	1	FALSE	160
321	T#160ms	0	161	-28	16.100025177001953	53.666666666666664	NaN	inf	-0.0	T#2m41s	2	TRUE	160
322	T#160ms	1	161	-28	16.100025177001953	53.666666666666664	NaN	inf	-0.0	T#2m41s	2	TRUE	161
323	T#161ms	0	162	72	16.20002555847168	54.0	NaN	inf	-0.0	T#2m42s	0	FALSE	161
324	T#161ms	1	162	72	16.20002555847168	54.0	NaN	inf	-0.0	T#2m42s	0	FALSE	162
325	T#162ms	0	163	-84	16.300025939941406	54.333333333333336	NaN	inf	-0.0	T#2m43s	1	TRUE	162
326	T#162ms	1	163	-84	16.300025939941406	54.333333333333336	NaN	inf	-0.0	T#2m43s	1	TRUE	163
327	T#163ms	0	164	16	16.400026321411133	54.666666666666664	NaN	inf	-0.0	T#2m44s	2	FALSE	163
328	T#163ms	1	164	16	16.400026321411133	54.666666666666664	NaN	inf	-0.0	T#2m44s	2	FALSE	164
329	T#164ms	0	165	116	16.50002670288086	55.0	NaN	inf	-0.0	T#2m45s	0	TRUE	164
330	T#164ms	1	165	116	16.50002670288086	55.0	NaN	inf	-0.0	T#2m45s	0	TRUE	165
331	T#165ms	0	166	-40	16.600027084350586	55.333333333333336	NaN	inf	-0.0	T#2m46s	1	FALSE	165
332	T#165ms	1	166	-40	16.600027084350586	55.333333333333336	NaN	inf	-0.0	T#2m46s	1	FALSE	166
333	T#166ms	0	167	60	16.700027465820313	55.666666666666664	NaN	inf	-0.0	T#2m47s	2	TRUE	166
334	T#166ms	1	167	60	16.700027465820313	55.666666666666664	NaN	inf	-0.0	T#2m47s	2	TRUE	167
335	T#167ms	0	168	-96	16.80002784729004	56.0	NaN	inf	-0.0	T#2m48s	0	FALSE	167
336	T#167ms	1	168	-96	16.80002784729004	56.0	NaN	inf	-0.0	T#2m48s	0	FALSE	168
337	T#168ms	0	169	4	16.900028228759766	56.333333333333336	NaN	inf	-0.0	T#2m49s	1	TRUE	168
338	T#168ms	1	169	4	16.900028228759766	56.333333333333336	NaN	inf	-0.0	T#2m49s	1	TRUE	169
339	T#169ms	0	170	104	17.000028610229492	56.666666666666664	NaN	inf	-0.0	T#2m50s	2	FALSE	169
340	T#169ms	1	170	104	17.000028610229492	56.666666666666664	NaN	inf	-0.0	T#2m50s	2	FALSE	170
341	T#170ms	0	171	-52	17.10002899169922	57.0	NaN	inf	-0.0	T#2m51s	0	TRUE	170
342	T#170ms	1	171	-52	17.10002899169922	57.0	NaN	inf	-0.0	T#2m51s	0	TRUE	171
343	T#171ms	0	172	48	17.200029373168945	57.333333333333336	NaN	inf	-0.0	T#2m52s	1	FALSE	171
344	T#171ms	1	172	48	17.200029373168945	57.333333333333336	NaN	inf	-0.0	T#2m52s	1	FALSE	172
345	T#172ms	0	173	-108	17.300029754638672	57.666666666666664	NaN	inf	-0.0	T#2m53s	2	TRUE	172
346	T#172ms	1	173	-108	17.300029754638672	57.666666666666664	NaN	inf	-0.0	T#2m53s	2	TRUE	173
347	T#173ms	0	174	-8	17.4000301361084	58.0	NaN	inf	-0.0	T#2m54s	0	FALSE	173
348	T#173ms	1	174	-8	17.4000301361084	58.0	NaN	inf	-0.0	T#2m54s	0	FALSE	174
349	T#174ms	0	175	92	17.500030517578125	58.333333333333336	NaN	inf	-0.0	T#2m55s	1	TRUE	174
350	T#174ms	1	175	92	17.500030517578125	58.333333333333336	NaN	inf	-0.0	T#2m55s	1	TRUE	175
351	T#175ms	0	176	-64	17.60003089904785	58.666666666666664	NaN	inf	-0.0	T#2m56s	2	FALSE	175
352	T#175ms	1	176	-64	17.60003089904785	58.666666666666664	NaN	inf	-0.0	T#2m56s	2	FALSE	176
353	T#176ms	0	177	36	17.700031280517578	59.0	NaN	inf	-0.0	T#2m57s	0	TRUE	176
354	T#176ms	1	177	36	17.700031280517578	59.0	NaN	inf	-0.0	T#2m57s	0	TRUE	177
355	T#177ms	0	178	-120	17.800031661987305	59.333333333333336	NaN	inf	-0.0	T#2m58s	1	FALSE	177
356	T#177ms	1	178	-120	17.800031661987305	59.333333333333336	NaN	inf	-0.0	T#2m58s	1	FALSE	178
357	T#178ms	0	179	-20	17.90003204345703	59.666666666666664	NaN	inf	-0.0	T#2m59s	2	TRUE	178
358	T#178ms	1	179	-20	17.90003204345703	59.666666666666664	NaN	inf	-0.0	T#2m59s	2	TRUE	179
359	T#179ms	0	180	80	18.000032424926758	60.0	NaN	inf	-0.0	T#3m	0	FALSE	179
360	T#179ms	1	180	80	18.000032424926758	60.0	NaN	inf	-0.0	T#3m	0	FALSE	180
361	T#180ms	0	181	-76	18.100032806396484	60.333333333333336	NaN	inf	-0.0	T#3m1s	1	TRUE	180
362	T#180ms	1	181	-76	18.100032806396484	60.333333333333336	NaN	inf	-0.0	T#3m1s	1	TRUE	181
363	T#181ms	0	182	24	18.20003318786621	60.666666666666664	NaN	inf	-0.0	T#3m2s	2	FALSE	181
364	T#181ms	1	182	24	18.20003318786621	60.666666666666664	NaN	inf	-0.0	T#3m2s	2	FALSE	182
365	T#182ms	0	183	124	18.300033569335938	61.0	NaN	inf	-0.0	T#3m3s	0	TRUE	182
366	T#182ms	1	183	124	18.300033569335938	61.0	NaN	inf	-0.0	T#3m3s	0	TRUE	183
367	T#183ms	0	184	-32	18.400033950805664	61.333333333333336	NaN	inf	-0.0	T#3m4s	1	FALSE	183
368	T#183ms	1	184	-32	18.400033950805664	61.333333333333336	NaN	inf	-0.0	T#3m4s	1	FALSE	184
369	T#184ms	0	185	68	18.50003433227539	61.666666666666664	NaN	inf	-0.0	T#3m5s	2	TRUE	184
370	T#184ms	1	185	68	18.50003433227539	61.666666666666664	NaN	inf	-0.0	T#3m5s	2	TRUE	185
371	T#185ms	0	186	-88	18.600034713745117	62.0	NaN	inf	-0.0	T#3m6s	0	FALSE	185
372	T#185ms	1	186	-88	18.600034713745117	62.0	NaN	inf	-0.0	T#3m6s	0	FALSE	186
373	T#186ms	0	187	12	18.700035095214844	62.333333333333336	NaN	inf	-0.0	T#3m7s	1	TRUE	186
374	T#186ms	1	187	12	18.700035095214844	62.333333333333336	NaN	inf	-0.0	T#3m7s	1	TRUE	187
375	T#187ms	0	188	112	18.80003547668457	62.666666666666664	NaN	inf	-0.0	T#3m8s	2	FALSE	187
376	T#187ms	1	188	112	18.80003547668457	62.666666666666664	NaN	inf	-0.0	T#3m8s	2	FALSE	188
377	T#188ms	0	189	-44	18.900035858154297	63.0	NaN	inf	-0.0	T#3m9s	0	TRUE	188
378	T#188ms	1	189	-44	18.900035858154297	63.0	NaN	inf	-0.0	T#3m9s	0	TRUE	189
379	T#189ms	0	190	56	19.000036239624023	63.333333333333336	NaN	inf	-0.0	T#3m10s	1	FALSE	189
380	T#189ms	1	190	56	19.000036239624023	63.333333333333336	NaN	inf	-0.0	T#3m10s	1	FALSE	190
381	T#190ms	0	191	-100	19.10003662109375	63.666666666666664	NaN	inf	-0.0	T#3m11s	2	TRUE	190
382	T#190ms	1	191	-100	19.10003662109375	63.666666666666664	NaN	inf	-0.0	T#3m11s	2	TRUE	191
383	T#191ms	0	192	0	19.200037002563477	64.0	NaN	inf	-0.0	T#3m12s	0	FALSE	191
384	T#191ms	1	192	0	19.200037002563477	64.0	NaN	inf	-0.0	T#3m12s	0	FALSE	192
385	T#192ms	0	193	100	19.300037384033203	64.33333333333333	NaN	inf	-0.0	T#3m13s	1	TRUE	192
386	T#192ms	1	193	100	19.300037384033203	64.33333333333333	NaN	inf	-0.0	T#3m13s	1	TRUE	193
387	T#193ms	0	194	-56	19.40003776550293	64.66666666666667	NaN	inf	-0.0	T#3m14s	2	FALSE	193
388	T#193ms	1	194	-56	19.40003776550293	64.66666666666667	NaN	inf	-0.0	T#3m14s	2	FALSE	194
389	T#194ms	0	195	44	19.500038146972656	65.0	NaN	inf	-0.0	T#3m15s	0	TRUE	194
390	T#194ms	1	195	44	19.500038146972656	65.0	NaN	inf	-0.0	T#3m15s	0	TRUE	195
391	T#195ms	0	196	-112	19.600038528442383	65.33333333333333	NaN	inf	-0.0	T#3m16s	1	FALSE	195
392	T#195ms	1	196	-112	19.600038528442383	65.33333333333333	NaN	inf	-0.0	T#3m16s	1	FALSE	196
393	T#196ms	0	197	-12	19.70003890991211	65.66666666666667	NaN	inf	-0.0	T#3m17s	2	TRUE	196
394	T#196ms	1	197	-12	19.70003890991211	65.66666666666667	NaN	inf	-0.0	T#3m17s	2	TRUE	197
395	T#197ms	0	198	88	19.800039291381836	66.0	NaN	inf	-0.0	T#3m18s	0	FALSE	197
396	T#197ms	1	198	88	19.800039291381836	66.0	NaN	inf	-0.0	T#3m18s	0	FALSE	198
397	T#198ms	0	199	-68	19.900039672851563	66.33333333333333	NaN	inf	-0.0	T#3m19s	1	TRUE	198
398	T#198ms	1	199	-68	19.900039672851563	66.33333333333333	NaN	inf	-0.0	T#3m19s	1	TRUE	199
399	T#199ms	0	200	32	20.00004005432129	66.66666666666667	NaN	inf	-0.0	T#3m20s	2	FALSE	199
400	T#199ms	1	200	32	20.00004005432129	66.66666666666667	NaN	inf	-0.0	T#3m20s	2	FALSE	200
401	T#200ms	0	201	-124	20.100040435791016	67.0	NaN	inf	-0.0	T#3m21s	0	TRUE	200
402	T#200ms	1	201	-124	20.100040435791016	67.0	NaN	inf	-0.0	T#3m21s	0	TRUE	201
403	T#201ms	0	202	-24	20.200040817260742	67.33333333333333	NaN	inf	-0.0	T#3m22s	1	FALSE	201
404	T#201ms	1	202	-24	20.200040817260742	67.33333333333333	NaN	inf	-0.0	T#3m22s	1	FALSE	202
405	T#202ms	0	203	76	20.30004119873047	67.66666666666667	NaN	inf	-0.0	T#3m23s	2	TRUE	202
406	T#202ms	1	203	76	20.30004119873047	67.66666666666667	NaN	inf	-0.0	T#3m23s	2	TRUE	203
407	T#203ms	0	204	-80	20.400041580200195	68.0	NaN	inf	-0.0	T#3m24s	0	FALSE	203
408	T#203ms	1	204	-80	20.400041580200195	68.0	NaN	inf	-0.0	T#3m24s	0	FALSE	204
409	T#204ms	0	205	20	20.500041961669922	68.33333333333333	NaN	inf	-0.0	T#3m25s	1	TRUE	204
410	T#204ms	1	205	20	20.500041961669922	68.33333333333333	NaN	inf	-0.0	T#3m25s	1	TRUE	205
411	T#205ms	0	206	120	20.60004234313965	68.66666666666667	NaN	inf	-0.0	T#3m26s	2	FALSE	205
412	T#205ms	1	206	120	20.60004234313965	68.66666666666667	NaN	inf	-0.0	T#3m26s	2	FALSE	206
413	T#206ms	0	207	-36	20.700042724609375	69.0	NaN	inf	-0.0	T#3m27s	0	TRUE	206
414	T#206ms	1	207	-36	20.700042724609375	69.0	NaN	inf	-0.0	T#3m27s	0	TRUE	207
415	T#207ms	0	208	64	20.8000431060791	69.33333333333333	NaN	inf	-0.0	T#3m28s	1	FALSE	207
416	T#207ms	1	208	64	20.8000431060791	69.33333333333333	NaN	inf	-0.0	T#3m28s	1	FALSE	208
417	T#208ms	0	209	-92	20.900043487548828	69.66666666666667	NaN	inf	-0.0	T#3m29s	2	TRUE	208
418	T#208ms	1	209	-92	20.900043487548828	69.66666666666667	NaN	inf	-0.0	T#3m29s	2	TRUE	209
419	T#209ms	0	210	8	21.000043869018555	70.0	NaN	inf	-0.0	T#3m30s	0	FALSE	209
420	T#209ms	1	210	8	21.000043869018555	70.0	NaN	inf	-0.0	T#3m30s	0	FALSE	210
421	T#210ms	0	211	108	21.10004425048828	70.33333333333333	NaN	inf	-0.0	T#3m31s	1	TRUE	210
422	T#210ms	1	211	108	21.10004425048828	70.33333333333333	NaN	inf	-0.0	T#3m31s	1	TRUE	211
423	T#211ms	0	212	-48	21.200044631958008	70.66666666666667	NaN	inf	-0.0	T#3m32s	2	FALSE	211
424	T#211ms	1	212	-48	21.200044631958008	70.66666666666667	NaN	inf	-0.0	T#3m32s	2	FALSE	212
425	T#212ms	0	213	52	21.300045013427734	71.0	NaN	inf	-0.0	T#3m33s	0	TRUE	212
426	T#212ms	1	213	52	21.300045013427734	71.0	NaN	inf	-0.0	T#3m33s	0	TRUE	213
427	T#213ms	0	214	-104	21.40004539489746	71.33333333333333	NaN	inf	-0.0	T#3m34s	1	FALSE	213
428	T#213ms	1	214	-104	21.40004539489746	71.33333333333333	NaN	inf	-0.0	T#3m34s	1	FALSE	214
429	T#214ms	0	215	-4	21.500045776367188	71.66666666666667	NaN	inf	-0.0	T#3m35s	2	TRUE	214
430	T#214ms	1	215	-4	21.500045776367188	71.66666666666667	NaN	inf	-0.0	T#3m35s	2	TRUE	215
431	T#215ms	0	216	96	21.600046157836914	72.0	NaN	inf	-0.0	T#3m36s	0	FALSE	215
432	T#215ms	1	216	96	21.600046157836914	72.0	NaN	inf	-0.0	T#3m36s	0	FALSE	216
433	T#216ms	0	217	-60	21.70004653930664	72.33333333333333	NaN	inf	-0.0	T#3m37s	1	TRUE	216
434	T#216ms	1	217	-60	21.70004653930664	72.33333333333333	NaN	inf	-0.0	T#3m37s	1	TRUE	217
435	T#217ms	0	218	40	21.800046920776367	72.66666666666667	NaN	inf	-0.0	T#3m38s	2	FALSE	217
436	T#217ms	1	218	40	21.800046920776367	72.66666666666667	NaN	inf	-0.0	T#3m38s	2	FALSE	218
437	T#218ms	0	219	-116	21.900047302246094	73.0	NaN	inf	-0.0	T#3m39s	0	TRUE	218
438	T#218ms	1	219	-116	21.900047302246094	73.0	NaN	inf	-0.0	T#3m39s	0	TRUE	219
439	T#219ms	0	220	-16	22.00004768371582	73.33333333333333	NaN	inf	-0.0	T#3m40s	1	FALSE	219
440	T#219ms	1	220	-16	22.00004768371582	73.33333333333333	NaN	inf	-0.0	T#3m40s	1	FALSE	220
441	T#220ms	0	221	84	22.100048065185547	73.66666666666667	NaN	inf	-0.0	T#3m41s	2	TRUE	220
442	T#220ms	1	221	84	22.100048065185547	73.66666666666667	NaN	inf	-0.0	T#3m41s	2	TRUE	221
443	T#221ms	0	222	-72	22.200048446655273	74.0	NaN	inf	-0.0	T#3m42s	0	FALSE	221
444	T#221ms	1	222	-72	22.200048446655273	74.0	NaN	inf	-0.0	T#3m42s	0	FALSE	222
445	T#222ms	0	223	28	22.300048828125	74.33333333333333	NaN	inf	-0.0	T#3m43s	1	TRUE	222
446	T#222ms	1	223	28	22.300048828125	74.33333333333333	NaN	inf	-0.0	T#3m43s	1	TRUE	223
447	T#223ms	0	224	-128	22.400049209594727	74.66666666666667	NaN	inf	-0.0	T#3m44s	2	FALSE	223
448	T#223ms	1	224	-128	22.400049209594727	74.66666666666667	NaN	inf	-0.0	T#3m44s	2	FALSE	224
449	T#224ms	0	225	-28	22.500049591064453	75.0	NaN	inf	-0.0	T#3m45s	0	TRUE	224
450	T#224ms	1	225	-28	22.500049591064453	75.0	NaN	inf	-0.0	T#3m45s	0	TRUE	225
451	T#225ms	0	226	72	22.60004997253418	75.33333333333333	NaN	inf	-0.0	T#3m46s	1	FALSE	225
452	T#225ms	1	226	72	22.60004997253418	75.33333333333333	NaN	inf	-0.0	T#3m46s	1	FALSE	226
453	T#226ms	0	227	-84	22.700050354003906	75.66666666666667	NaN	inf	-0.0	T#3m47s	2	TRUE	226
454	T#226ms	1	227	-84	22.700050354003906	75.66666666666667	NaN	inf	-0.0	T#3m47s	2	TRUE	227
455	T#227ms	0	228	16	22.800050735473633	76.0	NaN	inf	-0.0	T#3m48s	0	FALSE	227
456	T#227ms	1	228	16	22.800050735473633	76.0	NaN	inf	-0.0	T#3m48s	0	FALSE	228
457	T#228ms	0	229	116	22.90005111694336	76.33333333333333	NaN	inf	-0.0	T#3m49s	1	TRUE	228
458	T#228ms	1	229	116	22.90005111694336	76.33333333333333	NaN	inf	-0.0	T#3m49s	1	TRUE	229
459	T#229ms	0	230	-40	23.000051498413086	76.66666666666667	NaN	inf	-0.0	T#3m50s	2	FALSE	229
460	T#229ms	1	230	-40	23.000051498413086	76.66666666666667	NaN	inf	-0.0	T#3m50s	2	FALSE	230
461	T#230ms	0	231	60	23.100051879882813	77.0	NaN	inf	-0.0	T#3m51s	0	TRUE	230
462	T#230ms	1	231	60	23.100051879882813	77.0	NaN	inf	-0.0	T#3m51s	0	TRUE	231
463	T#231ms	0	232	-96	23.20005226135254	77.33333333333333	NaN	inf	-0.0	T#3m52s	1	FALSE	231
464	T#231ms	1	232	-96	23.20005226135254	77.33333333333333	NaN	inf	-0.0	T#3m52s	1	FALSE	232
465	T#232ms	0	233	4	23.300052642822266	77.66666666666667	NaN	inf	-0.0	T#3m53s	2	TRUE	232
466	T#232ms	1	233	4	23.300052642822266	77.66666666666667	NaN	inf	-0.0	T#3m53s	2	TRUE	233
467	T#233ms	0	234	104	23.400053024291992	78.0	NaN	inf	-0.0	T#3m54s	0	FALSE	233
468	T#233ms	1	234	104	23.400053024291992	78.0	NaN	inf	-0.0	T#3m54s	0	FALSE	234
469	T#234ms	0	235	-52	23.50005340576172	78.33333333333333	NaN	inf	-0.0	T#3m55s	1	TRUE	234
470	T#234ms	1	235	-52	23.50005340576172	78.33333333333333	NaN	inf	-0.0	T#3m55s	1	TRUE	235
471	T#235ms	0	236	48	23.600053787231445	78.66666666666667	NaN	inf	-0.0	T#3m56s	2	FALSE	235
472	T#235ms	1	236	48	23.600053787231445	78.66666666666667	NaN	inf	-0.0	T#3m56s	2	FALSE	236
473	T#236ms	0	237	-108	23.700054168701172	79.0	NaN	inf	-0.0	T#3m57s	0	TRUE	236
474	T#236ms	1	237	-108	23.700054168701172	79.0	NaN	inf	-0.0	T#3m57s	0	TRUE	237
475	T#237ms	0	238	-8	23.8000545501709	79.33333333333333	NaN	inf	-0.0	T#3m58s	1	FALSE	237
476	T#237ms	1	238	-8	23.8000545501709	79.33333333333333	NaN	inf	-0.0	T#3m58s	1	FALSE	238
477	T#238ms	0	239	92	23.900054931640625	79.66666666666667	NaN	inf	-0.0	T#3m59s	2	TRUE	238
478	T#238ms	1	239	92	23.900054931640625	79.66666666666667	NaN	inf	-0.0	T#3m59s	2	TRUE	239
479	T#239ms	0	240	-64	24.00005531311035	80.0	NaN	inf	-0.0	T#4m	0	FALSE	239
480	T#239ms	1	240	-64	24.00005531311035	80.0	NaN	inf	-0.0	T#4m	0	FALSE	240
481	T#240ms	0	241	36	24.100055694580078	80.33333333333333	NaN	inf	-0.0	T#4m1s	1	TRUE	240
482	T#240ms	1	241	36	24.100055694580078	80.33333333333333	NaN	inf	-0.0	T#4m1s	1	TRUE	241
483	T#241ms	0	242	-120	24.200056076049805	80.66666666666667	NaN	inf	-0.0	T#4m2s	2	FALSE	241
484	T#241ms	1	242	-120	24.200056076049805	80.66666666666667	NaN	inf	-0.0	T#4m2s	2	FALSE	242
485	T#242ms	0	243	-20	24.30005645751953	81.0	NaN	inf	-0.0	T#4m3s	0	TRUE	242
486	T#242ms	1	243	-20	24.30005645751953	81.0	NaN	inf	-0.0	T#4m3s	0	TRUE	243
487	T#243ms	0	244	80	24.400056838989258	81.33333333333333	NaN	inf	-0.0	T#4m4s	1	FALSE	243
488	T#243ms	1	244	80	24.400056838989258	81.33333333333333	NaN	inf	-0.0	T#4m4s	1	FALSE	244
489	T#244ms	0	245	-76	24.500057220458984	81.66666666666667	NaN	inf	-0.0	T#4m5s	2	TRUE	244
490	T#244ms	1	245	-76	24.500057220458984	81.66666666666667	NaN	inf	-0.0	T#4m5s	2	TRUE	245
491	T#245ms	0	246	24	24.60005760192871	82.0	NaN	inf	-0.0	T#4m6s	0	FALSE	245
492	T#245ms	1	246	24	24.60005760192871	82.0	NaN	inf	-0.0	T#4m6s	0	FALSE	246
493	T#246ms	0	247	124	24.700057983398438	82.33333333333333	NaN	inf	-0.0	T#4m7s	1	TRUE	246
494	T#246ms	1	247	124	24.700057983398438	82.33333333333333	NaN	inf	-0.0	T#4m7s	1	TRUE	247
495	T#247ms	0	248	-32	24.800058364868164	82.66666666666667	NaN	inf	-0.0	T#4m8s	2	FALSE	247
496	T#247ms	1	248	-32	24.800058364868164	82.66666666666667	NaN	inf	-0.0	T#4m8s	2	FALSE	248
497	T#248ms	0	249	68	24.90005874633789	83.0	NaN	inf	-0.0	T#4m9s	0	TRUE	248
498	T#248ms	1	249	68	24.90005874633789	83.0	NaN	inf	-0.0	T#4m9s	0	TRUE	249
499	T#249ms	0	250	-88	25.000059127807617	83.33333333333333	NaN	inf	-0.0	T#4m10s	1	FALSE	249
500	T#249ms	1	250	-88	25.000059127807617	83.33333333333333	NaN	inf	-0.0	T#4m10s	1	FALSE	250
501	T#250ms	0	251	12	25.100059509277344	83.66666666666667	NaN	inf	-0.0	T#4m11s	2	TRUE	250
502	T#250ms	1	251	12	25.100059509277344	83.66666666666667	NaN	inf	-0.0	T#4m11s	2	TRUE	251
503	T#251ms	0	252	112	25.20005989074707	84.0	NaN	inf	-0.0	T#4m12s	0	FALSE	251
504	T#251ms	1	252	112	25.20005989074707	84.0	NaN	inf	-0.0	T#4m12s	0	FALSE	252
505	T#252ms	0	253	-44	25.300060272216797	84.33333333333333	NaN	inf	-0.0	T#4m13s	1	TRUE	252
506	T#252ms	1	253	-44	25.300060272216797	84.33333333333333	NaN	inf	-0.0	T#4m13s	1	TRUE	253
507	T#253ms	0	254	56	25.400060653686523	84.66666666666667	NaN	inf	-0.0	T#4m14s	2	FALSE	253
508	T#253ms	1	254	56	25.400060653686523	84.66666666666667	NaN	inf	-0.0	T#4m14s	2	FALSE	254
509	T#254ms	0	255	-100	25.50006103515625	85.0	NaN	inf	-0.0	T#4m15s	0	TRUE	254
510	T#254ms	1	255	-100	25.50006103515625	85.0	NaN	inf	-0.0	T#4m15s	0	TRUE	255
511	T#255ms	0	256	0	25.600061416625977	85.33333333333333	NaN	inf	-0.0	T#4m16s	1	FALSE	255
512	T#255ms	1	256	0	25.600061416625977	85.33333333333333	NaN	inf	-0.0	T#4m16s	1	FALSE	256
513	T#256ms	0	257	100	25.700061798095703	85.66666666666667	NaN	inf	-0.0	T#4m17s	2	TRUE	256
514	T#256ms	1	257	100	25.700061798095703	85.66666666666667	NaN	inf	-0.0	T#4m17s	2	TRUE	257
515	T#257ms	0	258	-56	25.80006217956543	86.0	NaN	inf	-0.0	T#4m18s	0	FALSE	257
516	T#257ms	1	258	-56	25.80006217956543	86.0	NaN	inf	-0.0	T#4m18s	0	FALSE	258
517	T#258ms	0	259	44	25.900062561035156	86.33333333333333	NaN	inf	-0.0	T#4m19s	1	TRUE	258
518	T#258ms	1	259	44	25.900062561035156	86.33333333333333	NaN	inf	-0.0	T#4m19s	1	TRUE	259
519	T#259ms	0	260	-112	26.000062942504883	86.66666666666667	NaN	inf	-0.0	T#4m20s	2	FALSE	259
520	T#259ms	1	260	-112	26.000062942504883	86.66666666666667	NaN	inf	-0.0	T#4m20s	2	FALSE	260
521	T#260ms	0	261	-12	26.10006332397461	87.0	NaN	inf	-0.0	T#4m21s	0	TRUE	260
522	T#260ms	1	261	-12	26.10006332397461	87.0	NaN	inf	-0.0	T#4m21s	0	TRUE	261
523	T#261ms	0	262	88	26.200063705444336	87.33333333333333	NaN	inf	-0.0	T#4m22s	1	FALSE	261
524	T#261ms	1	262	88	26.200063705444336	87.33333333333333	NaN	inf	-0.0	T#4m22s	1	FALSE	262
525	T#262ms	0	263	-68	26.300064086914063	87.66666666666667	NaN	inf	-0.0	T#4m23s	2	TRUE	262
526	T#262ms	1	263	-68	26.300064086914063	87.66666666666667	NaN	inf	-0.0	T#4m23s	2	TRUE	263
527	T#263ms	0	264	32	26.40006446838379	88.0	NaN	inf	-0.0	T#4m24s	0	FALSE	263
528	T#263ms	1	264	32	26.40006446838379	88.0	NaN	inf	-0.0	T#4m24s	0	FALSE	264
529	T#264ms	0	265	-124	26.500064849853516	88.33333333333333	NaN	inf	-0.0	T#4m25s	1	TRUE	264
530	T#264ms	1	265	-124	26.500064849853516	88.33333333333333	NaN	inf	-0.0	T#4m25s	1	TRUE	265
531	T#265ms	0	266	-24	26.600065231323242	88.66666666666667	NaN	inf	-0.0	T#4m26s	2	FALSE	265
532	T#265ms	1	266	-24	26.600065231323242	88.66666666666667	NaN	inf	-0.0	T#4m26s	2	FALSE	266
533	T#266ms	0	267	76	26.70006561279297	89.0	NaN	inf	-0.0	T#4m27s	0	TRUE	266
534	T#266ms	1	267	76	26.70006561279297	89.0	NaN	inf	-0.0	T#4m27s	0	TRUE	267
535	T#267ms	0	268	-80	26.800065994262695	89.33333333333333	NaN	inf	-0.0	T#4m28s	1	FALSE	267
536	T#267ms	1	268	-80	26.800065994262695	89.33333333333333	NaN	inf	-0.0	T#4m28s	1	FALSE	268
537	T#268ms	0	269	20	26.900066375732422	89.66666666666667	NaN	inf	-0.0	T#4m29s	2	TRUE	268
538	T#268ms	1	269	20	26.900066375732422	89.66666666666667	NaN	inf	-0.0	T#4m29s	2	TRUE	269
539	T#269ms	0	270	120	27.00006675720215	90.0	NaN	inf	-0.0	T#4m30s	0	FALSE	269
540	T#269ms	1	270	120	27.00006675720215	90.0	NaN	inf	-0.0	T#4m30s	0	FALSE	270
541	T#270ms	0	271	-36	27.100067138671875	90.33333333333333	NaN	inf	-0.0	T#4m31s	1	TRUE	270
542	T#270ms	1	271	-36	27.100067138671875	90.33333333333333	NaN	inf	-0.0	T#4m31s	1	TRUE	271
543	T#271ms	0	272	64	27.2000675201416	90.66666666666667	NaN	inf	-0.0	T#4m32s	2	FALSE	271
544	T#271ms	1	272	64	27.2000675201416	90.66666666666667	NaN	inf	-0.0	T#4m32s	2	FALSE	272
545	T#272ms	0	273	-92	27.300067901611328	91.0	NaN	inf	-0.0	T#4m33s	0	TRUE	272
546	T#272ms	1	273	-92	27.300067901611328	91.0	NaN	inf	-0.0	T#4m33s	0	TRUE	273
547	T#273ms	0	274	8	27.400068283081055	91.33333333333333	NaN	inf	-0.0	T#4m34s	1	FALSE	273
548	T#273ms	1	274	8	27.400068283081055	91.33333333333333	NaN	inf	-0.0	T#4m34s	1	FALSE	274
549	T#274ms	0	275	108	27.50006866455078	91.66666666666667	NaN	inf	-0.0	T#4m35s	2	TRUE	274
550	T#274ms	1	275	108	27.50006866455078	91.66666666666667	NaN	inf	-0.0	T#4m35s	2	TRUE	275
551	T#275ms	0	276	-48	27.600069046020508	92.0	NaN	inf	-0.0	T#4m36s	0	FALSE	275
552	T#275ms	1	276	-48	27.600069046020508	92.0	NaN	inf	-0.0	T#4m36s	0	FALSE	276
553	T#276ms	0	277	52	27.700069427490234	92.33333333333333	NaN	inf	-0.0	T#4m37s	1	TRUE	276
554	T#276ms	1	277	52	27.700069427490234	92.33333333333333	NaN	inf	-0.0	T#4m37s	1	TRUE	277
555	T#277ms	0	278	-104	27.80006980895996	92.66666666666667	NaN	inf	-0.0	T#4m38s	2	FALSE	277
556	T#277ms	1	278	-104	27.80006980895996	92.66666666666667	NaN	inf	-0.0	T#4m38s	2	FALSE	278
557	T#278ms	0	279	-4	27.900070190429688	93.0	NaN	inf	-0.0	T#4m39s	0	TRUE	278
558	T#278ms	1	279	-4	27.900070190429688	93.0	NaN	inf	-0.0	T#4m39s	0	TRUE	279
559	T#279ms	0	280	96	28.000070571899414	93.33333333333333	NaN	inf	-0.0	T#4m40s	1	FALSE	279
560	T#279ms	1	280	96	28.000070571899414	93.33333333333333	NaN	inf	-0.0	T#4m40s	1	FALSE	280
561	T#280ms	0	281	-60	28.10007095336914	93.66666666666667	NaN	inf	-0.0	T#4m41s	2	TRUE	280
562	T#280ms	1	281	-60	28.10007095336914	93.66666666666667	NaN	inf	-0.0	T#4m41s	2	TRUE	281
563	T#281ms	0	282	40	28.200071334838867	94.0	NaN	inf	-0.0	T#4m42s	0	FALSE	281
564	T#281ms	1	282	40	28.200071334838867	94.0	NaN	inf	-0.0	T#4m42s	0	FALSE	282
565	T#282ms	0	283	-116	28.300071716308594	94.33333333333333	NaN	inf	-0.0	T#4m43s	1	TRUE	282
566	T#282ms	1	283	-116	28.300071716308594	94.33333333333333	NaN	inf	-0.0	T#4m43s	1	TRUE	283
567	T#283ms	0	284	-16	28.40007209777832	94.66666666666667	NaN	inf	-0.0	T#4m44s	2	FALSE	283
568	T#283ms	1	284	-16	28.40007209777832	94.66666666666667	NaN	inf	-0.0	T#4m44s	2	FALSE	284
569	T#284ms	0	285	84	28.500072479248047	95.0	NaN	inf	-0.0	T#4m45s	0	TRUE	284
570	T#284ms	1	285	84	28.500072479248047	95.0	NaN	inf	-0.0	T#4m45s	0	TRUE	285
571	T#285ms	0	286	-72	28.600072860717773	95.33333333333333	NaN	inf	-0.0	T#4m46s	1	FALSE	285
572	T#285ms	1	286	-72	28.600072860717773	95.33333333333333	NaN	inf	-0.0	T#4m46s	1	FALSE	286
573	T#286ms	0	287	28	28.7000732421875	95.66666666666667	NaN	inf	-0.0	T#4m47s	2	TRUE	286
574	T#286ms	1	287	28	28.7000732421875	95.66666666666667	NaN	inf	-0.0	T#4m47s	2	TRUE	287
575	T#287ms	0	288	-128	28.800073623657227	96.0	NaN	inf	-0.0	T#4m48s	0	FALSE	287
576	T#287ms	1	288	-128	28.800073623657227	96.0	NaN	inf	-0.0	T#4m48s	0	FALSE	288
577	T#288ms	0	289	-28	28.900074005126953	96.33333333333333	NaN	inf	-0.0	T#4m49s	1	TRUE	288
578	T#288ms	1	289	-28	28.900074005126953	96.33333333333333	NaN	inf	-0.0	T#4m49s	1	TRUE	289
579	T#289ms	0	290	72	29.00007438659668	96.66666666666667	NaN	inf	-0.0	T#4m50s	2	FALSE	289
580	T#289ms	1	290	72	29.00007438659668	96.66666666666667	NaN	inf	-0.0	T#4m50s	2	FALSE	290
581	T#290ms	0	291	-84	29.100074768066406	97.0	NaN	inf	-0.0	T#4m51s	0	TRUE	290
582	T#290ms	1	291	-84	29.100074768066406	97.0	NaN	inf	-0.0	T#4m51s	0	TRUE	291
583	T#291ms	0	292	16	29.200075149536133	97.33333333333333	NaN	inf	-0.0	T#4m52s	1	FALSE	291
584	T#291ms	1	292	16	29.200075149536133	97.33333333333333	NaN	inf	-0.0	T#4m52s	1	FALSE	292
585	T#292ms	0	293	116	29.30007553100586	97.66666666666667	NaN	inf	-0.0	T#4m53s	2	TRUE	292
586	T#292ms	1	293	116	29.30007553100586	97.66666666666667	NaN	inf	-0.0	T#4m53s	2	TRUE	293
587	T#293ms	0	294	-40	29.400075912475586	98.0	NaN	inf	-0.0	T#4m54s	0	FALSE	293
588	T#293ms	1	294	-40	29.400075912475586	98.0	NaN	inf	-0.0	T#4m54s	0	FALSE	294
589	T#294ms	0	295	60	29.500076293945313	98.33333333333333	NaN	inf	-0.0	T#4m55s	1	TRUE	294
590	T#294ms	1	295	60	29.500076293945313	98.33333333333333	NaN	inf	-0.0	T#4m55s	1	TRUE	295
591	T#295ms	0	296	-96	29.60007667541504	98.66666666666667	NaN	inf	-0.0	T#4m56s	2	FALSE	295
592	T#295ms	1	296	-96	29.60007667541504	98.66666666666667	NaN	inf	-0.0	T#4m56s	2	FALSE	296
593	T#296ms	0	297	4	29.700077056884766	99.0	NaN	inf	-0.0	T#4m57s	0	TRUE	296
594	T#296ms	1	297	4	29.700077056884766	99.0	NaN	inf	-0.0	T#4m57s	0	TRUE	297
595	T#297ms	0	298	104	29.800077438354492	99.33333333333333	NaN	inf	-0.0	T#4m58s	1	FALSE	297
596	T#297ms	1	298	104	29.800077438354492	99.33333333333333	NaN	inf	-0.0	T#4m58s	1	FALSE	298
597	T#298ms	0	299	-52	29.90007781982422	99.66666666666667	NaN	inf	-0.0	T#4m59s	2	TRUE	298
598	T#298ms	1	299	-52	29.90007781982422	99.66666666666667	NaN	inf	-0.0	T#4m59s	2	TRUE	299
599	T#299ms	0	300	48	30.000078201293945	100.0	NaN	inf	-0.0	T#5m	0	FALSE	299
600	T#299ms	1	300	48	30.000078201293945	100.0	NaN	inf	-0.0	T#5m	0	FALSE	300
601	T#300ms	0	301	-108	30.100078582763672	100.33333333333333	NaN	inf	-0.0	T#5m1s	1	TRUE	300
602	T#300ms	1	301	-108	30.100078582763672	100.33333333333333	NaN	inf	-0.0	T#5m1s	1	TRUE	301
603	T#301ms	0	302	-8	30.2000789642334	100.66666666666667	NaN	inf	-0.0	T#5m2s	2	FALSE	301
604	T#301ms	1	302	-8	30.2000789642334	100.66666666666667	NaN	inf	-0.0	T#5m2s	2	FALSE	302
605	T#302ms	0	303	92	30.300079345703125	101.0	NaN	inf	-0.0	T#5m3s	0	TRUE	302
606	T#302ms	1	303	92	30.300079345703125	101.0	NaN	inf	-0.0	T#5m3s	0	TRUE	303
607	T#303ms	0	304	-64	30.40007972717285	101.33333333333333	NaN	inf	-0.0	T#5m4s	1	FALSE	303
608	T#303ms	1	304	-64	30.40007972717285	101.33333333333333	NaN	inf	-0.0	T#5m4s	1	FALSE	304
609	T#304ms	0	305	36	30.500080108642578	101.66666666666667	NaN	inf	-0.0	T#5m5s	2	TRUE	304
610	T#304ms	1	305	36	30.500080108642578	101.66666666666667	NaN	inf	-0.0	T#5m5s	2	TRUE	305
611	T#305ms	0	306	-120	30.600080490112305	102.0	NaN	inf	-0.0	T#5m6s	0	FALSE	305
612	T#305ms	1	306	-120	30.600080490112305	102.0	NaN	inf	-0.0	T#5m6s	0	FALSE	306
613	T#306ms	0	307	-20	30.70008087158203	102.33333333333333	NaN	inf	-0.0	T#5m7s	1	TRUE	306
614	T#306ms	1	307	-20	30.70008087158203	102.33333333333333	NaN	inf	-0.0	T#5m7s	1	TRUE	307
615	T#307ms	0	308	80	30.800081253051758	102.66666666666667	NaN	inf	-0.0	T#5m8s	2	FALSE	307
616	T#307ms	1	308	80	30.800081253051758	102.66666666666667	NaN	inf	-0.0	T#5m8s	2	FALSE	308
617	T#308ms	0	309	-76	30.900081634521484	103.0	NaN	inf	-0.0	T#5m9s	0	TRUE	308
618	T#308ms	1	309	-76	30.900081634521484	103.0	NaN	inf	-0.0	T#5m9s	0	TRUE	309
619	T#309ms	0	310	24	31.00008201599121	103.33333333333333	NaN	inf	-0.0	T#5m10s	1	FALSE	309
620	T#309ms	1	310	24	31.00008201599121	103.33333333333333	NaN	inf	-0.0	T#5m10s	1	FALSE	310
621	T#310ms	0	311	124	31.100082397460938	103.66666666666667	NaN	inf	-0.0	T#5m11s	2	TRUE	310
622	T#310ms	1	311	124	31.100082397460938	103.66666666666667	NaN	inf	-0.0	T#5m11s	2	TRUE	311
623	T#311ms	0	312	-32	31.200082778930664	104.0	NaN	inf	-0.0	T#5m12s	0	FALSE	311
624	T#311ms	1	312	-32	31.200082778930664	104.0	NaN	inf	-0.0	T#5m12s	0	FALSE	312
625	T#312ms	0	313	68	31.30008316040039	104.33333333333333	NaN	inf	-0.0	T#5m13s	1	TRUE	312
626	T#312ms	1	313	68	31.30008316040039	104.33333333333333	NaN	inf	-0.0	T#5m13s	1	TRUE	313
627	T#313ms	0	314	-88	31.400083541870117	104.66666666666667	NaN	inf	-0.0	T#5m14s	2	FALSE	313
628	T#313ms	1	314	-88	31.400083541870117	104.66666666666667	NaN	inf	-0.0	T#5m14s	2	FALSE	314
629	T#314ms	0	315	12	31.500083923339844	105.0	NaN	inf	-0.0	T#5m15s	0	TRUE	314
630	T#314ms	1	315	12	31.500083923339844	105.0	NaN	inf	-0.0	T#5m15s	0	TRUE	315
631	T#315ms	0	316	112	31.60008430480957	105.33333333333333	NaN	inf	-0.0	T#5m16s	1	FALSE	315
632	T#315ms	1	316	112	31.60008430480957	105.33333333333333	NaN	inf	-0.0	T#5m16s	1	FALSE	316
633	T#316ms	0	317	-44	31.700084686279297	105.66666666666667	NaN	inf	-0.0	T#5m17s	2	TRUE	316
634	T#316ms	1	317	-44	31.700084686279297	105.66666666666667	NaN	inf	-0.0	T#5m17s	2	TRUE	317
635	T#317ms	0	318	56	31.800085067749023	106.0	NaN	inf	-0.0	T#5m18s	0	FALSE	317
636	T#317ms	1	318	56	31.800085067749023	106.0	NaN	inf	-0.0	T#5m18s	0	FALSE	318
637	T#318ms	0	319	-100	31.90008544921875	106.33333333333333	NaN	inf	-0.0	T#5m19s	1	TRUE	318
638	T#318ms	1	319	-100	31.90008544921875	106.33333333333333	NaN	inf	-0.0	T#5m19s	1	TRUE	319
639	T#319ms	0	320	0	32.000083923339844	106.66666666666667	NaN	inf	-0.0	T#5m20s	2	FALSE	319
640	T#319ms	1	320	0	32.000083923339844	106.66666666666667	NaN	inf	-0.0	T#5m20s	2	FALSE	320
641	T#320ms	0	321	100	32.10008239746094	107.0	NaN	inf	-0.0	T#5m21s	0	TRUE	320
642	T#320ms	1	321	100	32.10008239746094	107.0	NaN	inf	-0.0	T#5m21s	0	TRUE	321
643	T#321ms	0	322	-56	32.20008087158203	107.33333333333333	NaN	inf	-0.0	T#5m22s	1	FALSE	321
644	T#321ms	1	322	-56	32.20008087158203	107.33333333333333	NaN	inf	-0.0	T#5m22s	1	FALSE	322
645	T#322ms	0	323	44	32.300079345703125	107.66666666666667	NaN	inf	-0.0	T#5m23s	2	TRUE	322
646	T#322ms	1	323	44	32.300079345703125	107.66666666666667	NaN	inf	-0.0	T#5m23s	2	TRUE	323
647	T#323ms	0	324	-112	32.40007781982422	108.0	NaN	inf	-0.0	T#5m24s	0	FALSE	323
648	T#323ms	1	324	-112	32.40007781982422	108.0	NaN	inf	-0.0	T#5m24s	0	FALSE	324
649	T#324ms	0	325	-12	32.50007629394531	108.33333333333333	NaN	inf	-0.0	T#5m25s	1	TRUE	324
650	T#324ms	1	325	-12	32.50007629394531	108.33333333333333	NaN	inf	-0.0	T#5m25s	1	TRUE	325
651	T#325ms	0	326	88	32.600074768066406	108.66666666666667	NaN	inf	-0.0	T#5m26s	2	FALSE	325
652	T#325ms	1	326	88	32.600074768066406	108.66666666666667	NaN	inf	-0.0	T#5m26s	2	FALSE	326
653	T#326ms	0	327	-68	32.7000732421875	109.0	NaN	inf	-0.0	T#5m27s	0	TRUE	326
654	T#326ms	1	327	-68	32.7000732421875	109.0	NaN	inf	-0.0	T#5m27s	0	TRUE	327
655	T#327ms	0	328	32	32.800071716308594	109.33333333333333	NaN	inf	-0.0	T#5m28s	1	FALSE	327
656	T#327ms	1	328	32	32.800071716308594	109.33333333333333	NaN	inf	-0.0	T#5m28s	1	FALSE	328
657	T#328ms	0	329	-124	32.90007019042969	109.66666666666667	NaN	inf	-0.0	T#5m29s	2	TRUE	328
658	T#328ms	1	329	-124	32.90007019042969	109.66666666666667	NaN	inf	-0.0	T#5m29s	2	TRUE	329
659	T#329ms	0	330	-24	33.00006866455078	110.0	NaN	inf	-0.0	T#5m30s	0	FALSE	329
660	T#329ms	1	330	-24	33.00006866455078	110.0	NaN	inf	-0.0	T#5m30s	0	FALSE	330
661	T#330ms	0	331	76	33.100067138671875	110.33333333333333	NaN	inf	-0.0	T#5m31s	1	TRUE	330
662	T#330ms	1	331	76	33.100067138671875	110.33333333333333	NaN	inf	-0.0	T#5m31s	1	TRUE	331
663	T#331ms	0	332	-80	33.20006561279297	110.66666666666667	NaN	inf	-0.0	T#5m32s	2	FALSE	331
664	T#331ms	1	332	-80	33.20006561279297	110.66666666666667	NaN	inf	-0.0	T#5m32s	2	FALSE	332
665	T#332ms	0	333	20	33.30006408691406	111.0	NaN	inf	-0.0	T#5m33s	0	TRUE	332
666	T#332ms	1	333	20	33.30006408691406	111.0	NaN	inf	-0.0	T#5m33s	0	TRUE	333
667	T#333ms	0	334	120	33.400062561035156	111.33333333333333	NaN	inf	-0.0	T#5m34s	1	FALSE	333
668	T#333ms	1	334	120	33.400062561035156	111.33333333333333	NaN	inf	-0.0	T#5m34s	1	FALSE	334
669	T#334ms	0	335	-36	33.50006103515625	111.66666666666667	NaN	inf	-0.0	T#5m35s	2	TRUE	334
670	T#334ms	1	335	-36	33.50006103515625	111.66666666666667	NaN	inf	-0.0	T#5m35s	2	TRUE	335
671	T#335ms	0	336	64	33.600059509277344	112.0	NaN	inf	-0.0	T#5m36s	0	FALSE	335
672	T#335ms	1	336	64	33.600059509277344	112.0	NaN	inf	-0.0	T#5m36s	0	FALSE	336
673	T#336ms	0	337	-92	33.70005798339844	112.33333333333333	NaN	inf	-0.0	T#5m37s	1	TRUE	336
674	T#336ms	1	337	-92	33.70005798339844	112.33333333333333	NaN	inf	-0.0	T#5m37s	1	TRUE	337
675	T#337ms	0	338	8	33.80005645751953	112.66666666666667	NaN	inf	-0.0	T#5m38s	2	FALSE	337
676	T#337ms	1	338	8	33.80005645751953	112.66666666666667	NaN	inf	-0.0	T#5m38s	2	FALSE	338
677	T#338ms	0	339	108	33.900054931640625	113.0	NaN	inf	-0.0	T#5m39s	0	TRUE	338
678	T#338ms	1	339	108	33.900054931640625	113.0	NaN	inf	-0.0	T#5m39s	0	TRUE	339
679	T#339ms	0	340	-48	34.00005340576172	113.33333333333333	NaN	inf	-0.0	T#5m40s	1	FALSE	339
680	T#339ms	1	340	-48	34.00005340576172	113.33333333333333	NaN	inf	-0.0	T#5m40s	1	FALSE	340
681	T#340ms	0	341	52	34.10005187988281	113.66666666666667	NaN	inf	-0.0	T#5m41s	2	TRUE	340
682	T#340ms	1	341	52	34.10005187988281	113.66666666666667	NaN	inf	-0.0	T#5m41s	2	TRUE	341
683	T#341ms	0	342	-104	34.200050354003906	114.0	NaN	inf	-0.0	T#5m42s	0	FALSE	341
684	T#341ms	1	342	-104	34.200050354003906	114.0	NaN	inf	-0.0	T#5m42s	0	FALSE	342
685	T#342ms	0	343	-4	34.300048828125	114.33333333333333	NaN	inf	-0.0	T#5m43s	1	TRUE	342
686	T#342ms	1	343	-4	34.300048828125	114.33333333333333	NaN	inf	-0.0	T#5m43s	1	TRUE	343
687	T#343ms	0	344	96	34.400047302246094	114.66666666666667	NaN	inf	-0.0	T#5m44s	2	FALSE	343
688	T#343ms	1	344	96	34.400047302246094	114.66666666666667	NaN	inf	-0.0	T#5m44s	2	FALSE	344
689	T#344ms	0	345	-60	34.50004577636719	115.0	NaN	inf	-0.0	T#5m45s	0	TRUE	344
690	T#344ms	1	345	-60	34.50004577636719	115.0	NaN	inf	-0.0	T#5m45s	0	TRUE	345
691	T#345ms	0	346	40	34.60004425048828	115.33333333333333	NaN	inf	-0.0	T#5m46s	1	FALSE	345
692	T#345ms	1	346	40	34.60004425048828	115.33333333333333	NaN	inf	-0.0	T#5m46s	1	FALSE	346
693	T#346ms	0	347	-116	34.700042724609375	115.66666666666667	NaN	inf	-0.0	T#5m47s	2	TRUE	346
694	T#346ms	1	347	-116	34.700042724609375	115.66666666666667	NaN	inf	-0.0	T#5m47s	2	TRUE	347
695	T#347ms	0	348	-16	34.80004119873047	116.0	NaN	inf	-0.0	T#5m48s	0	FALSE	347
696	T#347ms	1	348	-16	34.80004119873047	116.0	NaN	inf	-0.0	T#5m48s	0	FALSE	348
697	T#348ms	0	349	84	34.90003967285156	116.33333333333333	NaN	inf	-0.0	T#5m49s	1	TRUE	348
698	T#348ms	1	349	84	34.90003967285156	116.33333333333333	NaN	inf	-0.0	T#5m49s	1	TRUE	349
699	T#349ms	0	350	-72	35.000038146972656	116.66666666666667	NaN	inf	-0.0	T#5m50s	2	FALSE	349
700	T#349ms	1	350	-72	35.000038146972656	116.66666666666667	NaN	inf	-0.0	T#5m50s	2	FALSE	350
701	T#350ms	0	351	28	35.10003662109375	117.0	NaN	inf	-0.0	T#5m51s	0	TRUE	350
702	T#350ms	1	351	28	35.10003662109375	117.0	NaN	inf	-0.0	T#5m51s	0	TRUE	351
703	T#351ms	0	352	-128	35.200035095214844	117.33333333333333	NaN	inf	-0.0	T#5m52s	1	FALSE	351
704	T#351ms	1	352	-128	35.200035095214844	117.33333333333333	NaN	inf	-0.0	T#5m52s	1	FALSE	352
705	T#352ms	0	353	-28	35.30003356933594	117.66666666666667	NaN	inf	-0.0	T#5m53s	2	TRUE	352
706	T#352ms	1	353	-28	35.30003356933594	117.66666666666667	NaN	inf	-0.0	T#5m53s	2	TRUE	353
707	T#353ms	0	354	72	35.40003204345703	118.0	NaN	inf	-0.0	T#5m54s	0	FALSE	353
708	T#353ms	1	354	72	35.40003204345703	118.0	NaN	inf	-0.0	T#5m54s	0	FALSE	354
709	T#354ms	0	355	-84	35.500030517578125	118.33333333333333	NaN	inf	-0.0	T#5m55s	1	TRUE	354
710	T#354ms	1	355	-84	35.500030517578125	118.33333333333333	NaN	inf	-0.0	T#5m55s	1	TRUE	355
711	T#355ms	0	356	16	35.60002899169922	118.66666666666667	NaN	inf	-0.0	T#5m56s	2	FALSE	355
712	T#355ms	1	356	16	35.60002899169922	118.66666666666667	NaN	inf	-0.0	T#5m56s	2	FALSE	356
713	T#356ms	0	357	116	35.70002746582031	119.0	NaN	inf	-0.0	T#5m57s	0	TRUE	356
714	T#356ms	1	357	116	35.70002746582031	119.0	NaN	inf	-0.0	T#5m57s	0	TRUE	357
715	T#357ms	0	358	-40	35.800025939941406	119.33333333333333	NaN	inf	-0.0	T#5m58s	1	FALSE	357
716	T#357ms	1	358	-40	35.800025939941406	119.33333333333333	NaN	inf	-0.0	T#5m58s	1	FALSE	358
717	T#358ms	0	359	60	35.9000244140625	119.66666666666667	NaN	inf	-0.0	T#5m59s	2	TRUE	358
718	T#358ms	1	359	60	35.9000244140625	119.66666666666667	NaN	inf	-0.0	T#5m59s	2	TRUE	359
719	T#359ms	0	360	-96	36.000022888183594	120.0	NaN	inf	-0.0	T#6m	0	FALSE	359
720	T#359ms	1	360	-96	36.000022888183594	120.0	NaN	inf	-0.0	T#6m	0	FALSE	360
721	T#360ms	0	361	4	36.10002136230469	120.33333333333333	NaN	inf	-0.0	T#6m1s	1	TRUE	360
722	T#360ms	1	361	4	36.10002136230469	120.33333333333333	NaN	inf	-0.0	T#6m1s	1	TRUE	361
723	T#361ms	0	362	104	36.20001983642578	120.66666666666667	NaN	inf	-0.0	T#6m2s	2	FALSE	361
724	T#361ms	1	362	104	36.20001983642578	120.66666666666667	NaN	inf	-0.0	T#6m2s	2	FALSE	362
725	T#362ms	0	363	-52	36.300018310546875	121.0	NaN	inf	-0.0	T#6m3s	0	TRUE	362
726	T#362ms	1	363	-52	36.300018310546875	121.0	NaN	inf	-0.0	T#6m3s	0	TRUE	363
727	T#363ms	0	364	48	36.40001678466797	121.33333333333333	NaN	inf	-0.0	T#6m4s	1	FALSE	363
728	T#363ms	1	364	48	36.40001678466797	121.33333333333333	NaN	inf	-0.0	T#6m4s	1	FALSE	364
729	T#364ms	0	365	-108	36.50001525878906	121.66666666666667	NaN	inf	-0.0	T#6m5s	2	TRUE	364
730	T#364ms	1	365	-108	36.50001525878906	121.66666666666667	NaN	inf	-0.0	T#6m5s	2	TRUE	365
731	T#365ms	0	366	-8	36.600013732910156	122.0	NaN	inf	-0.0	T#6m6s	0	FALSE	365
732	T#365ms	1	366	-8	36.600013732910156	122.0	NaN	inf	-0.0	T#6m6s	0	FALSE	366
733	T#366ms	0	367	92	36.70001220703125	122.33333333333333	NaN	inf	-0.0	T#6m7s	1	TRUE	366
734	T#366ms	1	367	92	36.70001220703125	122.33333333333333	NaN	inf	-0.0	T#6m7s	1	TRUE	367
735	T#367ms	0	368	-64	36.800010681152344	122.66666666666667	NaN	inf	-0.0	T#6m8s	2	FALSE	367
736	T#367ms	1	368	-64	36.800010681152344	122.66666666666667	NaN	inf	-0.0	T#6m8s	2	FALSE	368
737	T#368ms	0	369	36	36.90000915527344	123.0	NaN	inf	-0.0	T#6m9s	0	TRUE	368
738	T#368ms	1	369	36	36.90000915527344	123.0	NaN	inf	-0.0	T#6m9s	0	TRUE	369
739	T#369ms	0	370	-120	37.00000762939453	123.33333333333333	NaN	inf	-0.0	T#6m10s	1	FALSE	369
740	T#369ms	1	370	-120	37.00000762939453	123.33333333333333	NaN	inf	-0.0	T#6m10s	1	FALSE	370
741	T#370ms	0	371	-20	37.100006103515625	123.66666666666667	NaN	inf	-0.0	T#6m11s	2	TRUE	370
742	T#370ms	1	371	-20	37.100006103515625	123.66666666666667	NaN	inf	-0.0	T#6m11s	2	TRUE	371
743	T#371ms	0	372	80	37.20000457763672	124.0	NaN	inf	-0.0	T#6m12s	0	FALSE	371
744	T#371ms	1	372	80	37.20000457763672	124.0	NaN	inf	-0.0	T#6m12s	0	FALSE	372
745	T#372ms	0	373	-76	37.30000305175781	124.33333333333333	NaN	inf	-0.0	T#6m13s	1	TRUE	372
746	T#372ms	1	373	-76	37.30000305175781	124.33333333333333	NaN	inf	-0.0	T#6m13s	1	TRUE	373
747	T#373ms	0	374	24	37.400001525878906	124.66666666666667	NaN	inf	-0.0	T#6m14s	2	FALSE	373
748	T#373ms	1	374	24	37.400001525878906	124.66666666666667	NaN	inf	-0.0	T#6m14s	2	FALSE	374
749	T#374ms	0	375	124	37.5	125.0	NaN	inf	-0.0	T#6m15s	0	TRUE	374
750	T#374ms	1	375	124	37.5	125.0	NaN	inf	-0.0	T#6m15s	0	TRUE	375
751	T#375ms	0	376	-32	37.599998474121094	125.33333333333333	NaN	inf	-0.0	T#6m16s	1	FALSE	375
752	T#375ms	1	376	-32	37.599998474121094	125.33333333333333	NaN	inf	-0.0	T#6m16s	1	FALSE	376
753	T#376ms	0	377	68	37.69999694824219	125.66666666666667	NaN	inf	-0.0	T#6m17s	2	TRUE	376
754	T#376ms	1	377	68	37.69999694824219	125.66666666666667	NaN	inf	-0.0	T#6m17s	2	TRUE	377
755	T#377ms	0	378	-88	37.79999542236328	126.0	NaN	inf	-0.0	T#6m18s	0	FALSE	377
756	T#377ms	1	378	-88	37.79999542236328	126.0	NaN	inf	-0.0	T#6m18s	0	FALSE	378
757	T#378ms	0	379	12	37.899993896484375	126.33333333333333	NaN	inf	-0.0	T#6m19s	1	TRUE	378
758	T#378ms	1	379	12	37.899993896484375	126.33333333333333	NaN	inf	-0.0	T#6m19s	1	TRUE	379
759	T#379ms	0	380	112	37.99999237060547	126.66666666666667	NaN	inf	-0.0	T#6m20s	2	FALSE	379
760	T#379ms	1	380	112	37.99999237060547	126.66666666666667	NaN	inf	-0.0	T#6m20s	2	FALSE	380
761	T#380ms	0	381	-44	38.09999084472656	127.0	NaN	inf	-0.0	T#6m21s	0	TRUE	380
762	T#380ms	1	381	-44	38.09999084472656	127.0	NaN	inf	-0.0	T#6m21s	0	TRUE	381
763	T#381ms	0	382	56	38.199989318847656	127.33333333333333	NaN	inf	-0.0	T#6m22s	1	FALSE	381
764	T#381ms	1	382	56	38.199989318847656	127.33333333333333	NaN	inf	-0.0	T#6m22s	1	FALSE	382
765	T#382ms	0	383	-100	38.29998779296875	127.66666666666667	NaN	inf	-0.0	T#6m23s	2	TRUE	382
766	T#382ms	1	383	-100	38.29998779296875	127.66666666666667	NaN	inf	-0.0	T#6m23s	2	TRUE	383
767	T#383ms	0	384	0	38.399986267089844	128.0	NaN	inf	-0.0	T#6m24s	0	FALSE	383
768	T#383ms	1	384	0	38.399986267089844	128.0	NaN	inf	-0.0	T#6m24s	0	FALSE	384
769	T#384ms	0	385	100	38.49998474121094	128.33333333333334	NaN	inf	-0.0	T#6m25s	1	TRUE	384
770	T#384ms	1	385	100	38.49998474121094	128.33333333333334	NaN	inf	-0.0	T#6m25s	1	TRUE	385
771	T#385ms	0	386	-56	38.59998321533203	128.66666666666666	NaN	inf	-0.0	T#6m26s	2	FALSE	385
772	T#385ms	1	386	-56	38.59998321533203	128.66666666666666	NaN	inf	-0.0	T#6m26s	2	FALSE	386
773	T#386ms	0	387	44	38.699981689453125	129.0	NaN	inf	-0.0	T#6m27s	0	TRUE	386
774	T#386ms	1	387	44	38.699981689453125	129.0	NaN	inf	-0.0	T#6m27s	0	TRUE	387
775	T#387ms	0	388	-112	38.79998016357422	129.33333333333334	NaN	inf	-0.0	T#6m28s	1	FALSE	387
776	T#387ms	1	388	-112	38.79998016357422	129.33333333333334	NaN	inf	-0.0	T#6m28s	1	FALSE	388
777	T#388ms	0	389	-12	38.89997863769531	129.66666666666666	NaN	inf	-0.0	T#6m29s	2	TRUE	388
778	T#388ms	1	389	-12	38.89997863769531	129.66666666666666	NaN	inf	-0.0	T#6m29s	2	TRUE	389
779	T#389ms	0	390	88	38.999977111816406	130.0	NaN	inf	-0.0	T#6m30s	0	FALSE	389
780	T#389ms	1	390	88	38.999977111816406	130.0	NaN	inf	-0.0	T#6m30s	0	FALSE	390
781	T#390ms	0	391	-68	39.0999755859375	130.33333333333334	NaN	inf	-0.0	T#6m31s	1	TRUE	390
782	T#390ms	1	391	-68	39.0999755859375	130.33333333333334	NaN	inf	-0.0	T#6m31s	1	TRUE	391
783	T#391ms	0	392	32	39.199974060058594	130.66666666666666	NaN	inf	-0.0	T#6m32s	2	FALSE	391
784	T#391ms	1	392	32	39.199974060058594	130.66666666666666	NaN	inf	-0.0	T#6m32s	2	FALSE	392
785	T#392ms	0	393	-124	39.29997253417969	131.0	NaN	inf	-0.0	T#6m33s	0	TRUE	392
786	T#392ms	1	393	-124	39.29997253417969	131.0	NaN	inf	-0.0	T#6m33s	0	TRUE	393
787	T#393ms	0	394	-24	39.39997100830078	131.33333333333334	NaN	inf	-0.0	T#6m34s	1	FALSE	393
788	T#393ms	1	394	-24	39.39997100830078	131.33333333333334	NaN	inf	-0.0	T#6m34s	1	FALSE	394
789	T#394ms	0	395	76	39.499969482421875	131.66666666666666	NaN	inf	-0.0	T#6m35s	2	TRUE	394
790	T#394ms	1	395	76	39.499969482421875	131.66666666666666	NaN	inf	-0.0	T#6m35s	2	TRUE	395
791	T#395ms	0	396	-80	39.59996795654297	132.0	NaN	inf	-0.0	T#6m36s	0	FALSE	395
792	T#395ms	1	396	-80	39.59996795654297	132.0	NaN	inf	-0.0	T#6m36s	0	FALSE	396
793	T#396ms	0	397	20	39.69996643066406	132.33333333333334	NaN	inf	-0.0	T#6m37s	1	TRUE	396
794	T#396ms	1	397	20	39.69996643066406	132.33333333333334	NaN	inf	-0.0	T#6m37s	1	TRUE	397
795	T#397ms	0	398	120	39.799964904785156	132.66666666666666	NaN	inf	-0.0	T#6m38s	2	FALSE	397
796	T#397ms	1	398	120	39.799964904785156	132.66666666666666	NaN	inf	-0.0	T#6m38s	2	FALSE	398
797	T#398ms	0	399	-36	39.89996337890625	133.0	NaN	inf	-0.0	T#6m39s	0	TRUE	398
798	T#398ms	1	399	-36	39.89996337890625	133.0	NaN	inf	-0.0	T#6m39s	0	TRUE	399
799	T#399ms	0	400	64	39.999961853027344	133.33333333333334	NaN	inf	-0.0	T#6m40s	1	FALSE	399
800	T#399ms	1	400	64	39.999961853027344	133.33333333333334	NaN	inf	-0.0	T#6m40s	1	FALSE	400
801	T#400ms	0	401	-92	40.09996032714844	133.66666666666666	NaN	inf	-0.0	T#6m41s	2	TRUE	400
802	T#400ms	1	401	-92	40.09996032714844	133.66666666666666	NaN	inf	-0.0	T#6m41s	2	TRUE	401
803	T#401ms	0	402	8	40.19995880126953	134.0	NaN	inf	-0.0	T#6m42s	0	FALSE	401
804	T#401ms	1	402	8	40.19995880126953	134.0	NaN	inf	-0.0	T#6m42s	0	FALSE	402
805	T#402ms	0	403	108	40.299957275390625	134.33333333333334	NaN	inf	-0.0	T#6m43s	1	TRUE	402
806	T#402ms	1	403	108	40.299957275390625	134.33333333333334	NaN	inf	-0.0	T#6m43s	1	TRUE	403
807	T#403ms	0	404	-48	40.39995574951172	134.66666666666666	NaN	inf	-0.0	T#6m44s	2	FALSE	403
808	T#403ms	1	404	-48	40.39995574951172	134.66666666666666	NaN	inf	-0.0	T#6m44s	2	FALSE	404
809	T#404ms	0	405	52	40.49995422363281	135.0	NaN	inf	-0.0	T#6m45s	0	TRUE	404
810	T#404ms	1	405	52	40.49995422363281	135.0	NaN	inf	-0.0	T#6m45s	0	TRUE	405
811	T#405ms	0	406	-104	40.599952697753906	135.33333333333334	NaN	inf	-0.0	T#6m46s	1	FALSE	405
812	T#405ms	1	406	-104	40.599952697753906	135.33333333333334	NaN	inf	-0.0	T#6m46s	1	FALSE	406
813	T#406ms	0	407	-4	40.699951171875	135.66666666666666	NaN	inf	-0.0	T#6m47s	2	TRUE	406
814	T#406ms	1	407	-4	40.699951171875	135.66666666666666	NaN	inf	-0.0	T#6m47s	2	TRUE	407
815	T#407ms	0	408	96	40.799949645996094	136.0	NaN	inf	-0.0	T#6m48s	0	FALSE	407
816	T#407ms	1	408	96	40.799949645996094	136.0	NaN	inf	-0.0	T#6m48s	0	FALSE	408
817	T#408ms	0	409	-60	40.89994812011719	136.33333333333334	NaN	inf	-0.0	T#6m49s	1	TRUE	408
818	T#408ms	1	409	-60	40.89994812011719	136.33333333333334	NaN	inf	-0.0	T#6m49s	1	TRUE	409
819	T#409ms	0	410	40	40.99994659423828	136.66666666666666	NaN	inf	-0.0	T#6m50s	2	FALSE	409
820	T#409ms	1	410	40	40.99994659423828	136.66666666666666	NaN	inf	-0.0	T#6m50s	2	FALSE	410
821	T#410ms	0	411	-116	41.099945068359375	137.0	NaN	inf	-0.0	T#6m51s	0	TRUE	410
822	T#410ms	1	411	-116	41.099945068359375	137.0	NaN	inf	-0.0	T#6m51s	0	TRUE	411
823	T#411ms	0	412	-16	41.19994354248047	137.33333333333334	NaN	inf	-0.0	T#6m52s	1	FALSE	411
824	T#411ms	1	412	-16	41.19994354248047	137.33333333333334	NaN	inf	-0.0	T#6m52s	1	FALSE	412
825	T#412ms	0	413	84	41.29994201660156	137.66666666666666	NaN	inf	-0.0	T#6m53s	2	TRUE	412
826	T#412ms	1	413	84	41.29994201660156	137.66666666666666	NaN	inf	-0.0	T#6m53s	2	TRUE	413
827	T#413ms	0	414	-72	41.399940490722656	138.0	NaN	inf	-0.0	T#6m54s	0	FALSE	413
828	T#413ms	1	414	-72	41.399940490722656	138.0	NaN	inf	-0.0	T#6m54s	0	FALSE	414
829	T#414ms	0	415	28	41.49993896484375	138.33333333333334	NaN	inf	-0.0	T#6m55s	1	TRUE	414
830	T#414ms	1	415	28	41.49993896484375	138.33333333333334	NaN	inf	-0.0	T#6m55s	1	TRUE	415
831	T#415ms	0	416	-128	41.599937438964844	138.66666666666666	NaN	inf	-0.0	T#6m56s	2	FALSE	415
832	T#415ms	1	416	-128	41.599937438964844	138.66666666666666	NaN	inf	-0.0	T#6m56s	2	FALSE	416
833	T#416ms	0	417	-28	41.69993591308594	139.0	NaN	inf	-0.0	T#6m57s	0	TRUE	416
834	T#416ms	1	417	-28	41.69993591308594	139.0	NaN	inf	-0.0	T#6m57s	0	TRUE	417
835	T#417ms	0	418	72	41.79993438720703	139.33333333333334	NaN	inf	-0.0	T#6m58s	1	FALSE	417
836	T#417ms	1	418	72	41.79993438720703	139.33333333333334	NaN	inf	-0.0	T#6m58s	1	FALSE	418
837	T#418ms	0	419	-84	41.899932861328125	139.66666666666666	NaN	inf	-0.0	T#6m59s	2	TRUE	418
838	T#418ms	1	419	-84	41.899932861328125	139.66666666666666	NaN	inf	-0.0	T#6m59s	2	TRUE	419
839	T#419ms	0	420	16	41.99993133544922	140.0	NaN	inf	-0.0	T#7m	0	FALSE	419
840	T#419ms	1	420	16	41.99993133544922	140.0	NaN	inf	-0.0	T#7m	0	FALSE	420
841	T#420ms	0	421	116	42.09992980957031	140.33333333333334	NaN	inf	-0.0	T#7m1s	1	TRUE	420
842	T#420ms	1	421	116	42.09992980957031	140.33333333333334	NaN	inf	-0.0	T#7m1s	1	TRUE	421
843	T#421ms	0	422	-40	42.199928283691406	140.66666666666666	NaN	inf	-0.0	T#7m2s	2	FALSE	421
844	T#421ms	1	422	-40	42.199928283691406	140.66666666666666	NaN	inf	-0.0	T#7m2s	2	FALSE	422
845	T#422ms	0	423	60	42.2999267578125	141.0	NaN	inf	-0.0	T#7m3s	0	TRUE	422
846	T#422ms	1	423	60	42.2999267578125	141.0	NaN	inf	-0.0	T#7m3s	0	TRUE	423
847	T#423ms	0	424	-96	42.399925231933594	141.33333333333334	NaN	inf	-0.0	T#7m4s	1	FALSE	423
848	T#423ms	1	424	-96	42.399925231933594	141.33333333333334	NaN	inf	-0.0	T#7m4s	1	FALSE	424
849	T#424ms	0	425	4	42.49992370605469	141.66666666666666	NaN	inf	-0.0	T#7m5s	2	TRUE	424
850	T#424ms	1	425	4	42.49992370605469	141.66666666666666	NaN	inf	-0.0	T#7m5s	2	TRUE	425
851	T#425ms	0	426	104	42.59992218017578	142.0	NaN	inf	-0.0	T#7m6s	0	FALSE	425
852	T#425ms	1	426	104	42.59992218017578	142.0	NaN	inf	-0.0	T#7m6s	0	FALSE	426
853	T#426ms	0	427	-52	42.699920654296875	142.33333333333334	NaN	inf	-0.0	T#7m7s	1	TRUE	426
854	T#426ms	1	427	-52	42.699920654296875	142.33333333333334	NaN	inf	-0.0	T#7m7s	1	TRUE	427
855	T#427ms	0	428	48	42.79991912841797	142.66666666666666	NaN	inf	-0.0	T#7m8s	2	FALSE	427
856	T#427ms	1	428	48	42.79991912841797	142.66666666666666	NaN	inf	-0.0	T#7m8s	2	FALSE	428
857	T#428ms	0	429	-108	42.89991760253906	143.0	NaN	inf	-0.0	T#7m9s	0	TRUE	428
858	T#428ms	1	429	-108	42.89991760253906	143.0	NaN	inf	-0.0	T#7m9s	0	TRUE	429
859	T#429ms	0	430	-8	42.999916076660156	143.33333333333334	NaN	inf	-0.0	T#7m10s	1	FALSE	429
860	T#429ms	1	430	-8	42.999916076660156	143.33333333333334	NaN	inf	-0.0	T#7m10s	1	FALSE	430
861	T#430ms	0	431	92	43.09991455078125	143.66666666666666	NaN	inf	-0.0	T#7m11s	2	TRUE	430
862	T#430ms	1	431	92	43.09991455078125	143.66666666666666	NaN	inf	-0.0	T#7m11s	2	TRUE	431
863	T#431ms	0	432	-64	43.199913024902344	144.0	NaN	inf	-0.0	T#7m12s	0	FALSE	431
864	T#431ms	1	432	-64	43.199913024902344	144.0	NaN	inf	-0.0	T#7m12s	0	FALSE	432
865	T#432ms	0	433	36	43.29991149902344	144.33333333333334	NaN	inf	-0.0	T#7m13s	1	TRUE	432
866	T#432ms	1	433	36	43.29991149902344	144.33333333333334	NaN	inf	-0.0	T#7m13s	1	TRUE	433
867	T#433ms	0	434	-120	43.39990997314453	144.66666666666666	NaN	inf	-0.0	T#7m14s	2	FALSE	433
868	T#433ms	1	434	-120	43.39990997314453	144.66666666666666	NaN	inf	-0.0	T#7m14s	2	FALSE	434
869	T#434ms	0	435	-20	43.499908447265625	145.0	NaN	inf	-0.0	T#7m15s	0	TRUE	434
870	T#434ms	1	435	-20	43.499908447265625	145.0	NaN	inf	-0.0	T#7m15s	0	TRUE	435
871	T#435ms	0	436	80	43.59990692138672	145.33333333333334	NaN	inf	-0.0	T#7m16s	1	FALSE	435
872	T#435ms	1	436	80	43.59990692138672	145.33333333333334	NaN	inf	-0.0	T#7m16s	1	FALSE	436
873	T#436ms	0	437	-76	43.69990539550781	145.66666666666666	NaN	inf	-0.0	T#7m17s	2	TRUE	436
874	T#436ms	1	437	-76	43.69990539550781	145.66666666666666	NaN	inf	-0.0	T#7m17s	2	TRUE	437
875	T#437ms	0	438	24	43.799903869628906	146.0	NaN	inf	-0.0	T#7m18s	0	FALSE	437
876	T#437ms	1	438	24	43.799903869628906	146.0	NaN	inf	-0.0	T#7m18s	0	FALSE	438
877	T#438ms	0	439	124	43.89990234375	146.33333333333334	NaN	inf	-0.0	T#7m19s	1	TRUE	438
878	T#438ms	1	439	124	43.89990234375	146.33333333333334	NaN	inf	-0.0	T#7m19s	1	TRUE	439
879	T#439ms	0	440	-32	43.999900817871094	146.66666666666666	NaN	inf	-0.0	T#7m20s	2	FALSE	439
880	T#439ms	1	440	-32	43.999900817871094	146.66666666666666	NaN	inf	-0.0	T#7m20s	2	FALSE	440
881	T#440ms	0	441	68	44.09989929199219	147.0	NaN	inf	-0.0	T#7m21s	0	TRUE	440
882	T#440ms	1	441	68	44.09989929199219	147.0	NaN	inf	-0.0	T#7m21s	0	TRUE	441
883	T#441ms	0	442	-88	44.19989776611328	147.33333333333334	NaN	inf	-0.0	T#7m22s	1	FALSE	441
884	T#441ms	1	442	-88	44.19989776611328	147.33333333333334	NaN	inf	-0.0	T#7m22s	1	FALSE	442
885	T#442ms	0	443	12	44.299896240234375	147.66666666666666	NaN	inf	-0.0	T#7m23s	2	TRUE	442
886	T#442ms	1	443	12	44.299896240234375	147.66666666666666	NaN	inf	-0.0	T#7m23s	2	TRUE	443
887	T#443ms	0	444	112	44.39989471435547	148.0	NaN	inf	-0.0	T#7m24s	0	FALSE	443
888	T#443ms	1	444	112	44.39989471435547	148.0	NaN	inf	-0.0	T#7m24s	0	FALSE	444
889	T#444ms	0	445	-44	44.49989318847656	148.33333333333334	NaN	inf	-0.0	T#7m25s	1	TRUE	444
890	T#444ms	1	445	-44	44.49989318847656	148.33333333333334	NaN	inf	-0.0	T#7m25s	1	TRUE	445
891	T#445ms	0	446	56	44.599891662597656	148.66666666666666	NaN	inf	-0.0	T#7m26s	2	FALSE	445
892	T#445ms	1	446	56	44.599891662597656	148.66666666666666	NaN	inf	-0.0	T#7m26s	2	FALSE	446
893	T#446ms	0	447	-100	44.69989013671875	149.0	NaN	inf	-0.0	T#7m27s	0	TRUE	446
894	T#446ms	1	447	-100	44.69989013671875	149.0	NaN	inf	-0.0	T#7m27s	0	TRUE	447
895	T#447ms	0	448	0	44.799888610839844	149.33333333333334	NaN	inf	-0.0	T#7m28s	1	FALSE	447
896	T#447ms	1	448	0	44.799888610839844	149.33333333333334	NaN	inf	-0.0	T#7m28s	1	FALSE	448
897	T#448ms	0	449	100	44.89988708496094	149.66666666666666	NaN	inf	-0.0	T#7m29s	2	TRUE	448
898	T#448ms	1	449	100	44.89988708496094	149.66666666666666	NaN	inf	-0.0	T#7m29s	2	TRUE	449
899	T#449ms	0	450	-56	44.99988555908203	150.0	NaN	inf	-0.0	T#7m30s	0	FALSE	449
900	T#449ms	1	450	-56	44.99988555908203	150.0	NaN	inf	-0.0	T#7m30s	0	FALSE	450
901	T#450ms	0	451	44	45.099884033203125	150.33333333333334	NaN	inf	-0.0	T#7m31s	1	TRUE	450
902	T#450ms	1	451	44	45.099884033203125	150.33333333333334	NaN	inf	-0.0	T#7m31s	1	TRUE	451
903	T#451ms	0	452	-112	45.19988250732422	150.66666666666666	NaN	inf	-0.0	T#7m32s	2	FALSE	451
904	T#451ms	1	452	-112	45.19988250732422	150.66666666666666	NaN	inf	-0.0	T#7m32s	2	FALSE	452
905	T#452ms	0	453	-12	45.29988098144531	151.0	NaN	inf	-0.0	T#7m33s	0	TRUE	452
906	T#452ms	1	453	-12	45.29988098144531	151.0	NaN	inf	-0.0	T#7m33s	0	TRUE	453
907	T#453ms	0	454	88	45.399879455566406	151.33333333333334	NaN	inf	-0.0	T#7m34s	1	FALSE	453
908	T#453ms	1	454	88	45.399879455566406	151.33333333333334	NaN	inf	-0.0	T#7m34s	1	FALSE	454
909	T#454ms	0	455	-68	45.4998779296875	151.66666666666666	NaN	inf	-0.0	T#7m35s	2	TRUE	454
910	T#454ms	1	455	-68	45.4998779296875	151.66666666666666	NaN	inf	-0.0	T#7m35s	2	TRUE	455
911	T#455ms	0	456	32	45.599876403808594	152.0	NaN	inf	-0.0	T#7m36s	0	FALSE	455
912	T#455ms	1	456	32	45.599876403808594	152.0	NaN	inf	-0.0	T#7m36s	0	FALSE	456
913	T#456ms	0	457	-124	45.69987487792969	152.33333333333334	NaN	inf	-0.0	T#7m37s	1	TRUE	456
914	T#456ms	1	457	-124	45.69987487792969	152.33333333333334	NaN	inf	-0.0	T#7m37s	1	TRUE	457
915	T#457ms	0	458	-24	45.79987335205078	152.66666666666666	NaN	inf	-0.0	T#7m38s	2	FALSE	457
916	T#457ms	1	458	-24	45.79987335205078	152.66666666666666	NaN	inf	-0.0	T#7m38s	2	FALSE	458
917	T#458ms	0	459	76	45.899871826171875	153.0	NaN	inf	-0.0	T#7m39s	0	TRUE	458
918	T#458ms	1	459	76	45.899871826171875	153.0	NaN	inf	-0.0	T#7m39s	0	TRUE	459
919	T#459ms	0	460	-80	45.99987030029297	153.33333333333334	NaN	inf	-0.0	T#7m40s	1	FALSE	459
920	T#459ms	1	460	-80	45.99987030029297	153.33333333333334	NaN	inf	-0.0	T#7m40s	1	FALSE	460
921	T#460ms	0	461	20	46.09986877441406	153.66666666666666	NaN	inf	-0.0	T#7m41s	2	TRUE	460
922	T#460ms	1	461	20	46.09986877441406	153.66666666666666	NaN	inf	-0.0	T#7m41s	2	TRUE	461
923	T#461ms	0	462	120	46.199867248535156	154.0	NaN	inf	-0.0	T#7m42s	0	FALSE	461
924	T#461ms	1	462	120	46.199867248535156	154.0	NaN	inf	-0.0	T#7m42s	0	FALSE	462
925	T#462ms	0	463	-36	46.29986572265625	154.33333333333334	NaN	inf	-0.0	T#7m43s	1	TRUE	462
926	T#462ms	1	463	-36	46.29986572265625	154.33333333333334	NaN	inf	-0.0	T#7m43s	1	TRUE	463
927	T#463ms	0	464	64	46.399864196777344	154.66666666666666	NaN	inf	-0.0	T#7m44s	2	FALSE	463
928	T#463ms	1	464	64	46.399864196777344	154.66666666666666	NaN	inf	-0.0	T#7m44s	2	FALSE	464
929	T#464ms	0	465	-92	46.49986267089844	155.0	NaN	inf	-0.0	T#7m45s	0	TRUE	464
930	T#464ms	1	465	-92	46.49986267089844	155.0	NaN	inf	-0.0	T#7m45s	0	TRUE	465
931	T#465ms	0	466	8	46.59986114501953	155.33333333333334	NaN	inf	-0.0	T#7m46s	1	FALSE	465
932	T#465ms	1	466	8	46.59986114501953	155.33333333333334	NaN	inf	-0.0	T#7m46s	1	FALSE	466
933	T#466ms	0	467	108	46.699859619140625	155.66666666666666	NaN	inf	-0.0	T#7m47s	2	TRUE	466
934	T#466ms	1	467	108	46.699859619140625	155.66666666666666	NaN	inf	-0.0	T#7m47s	2	TRUE	467
935	T#467ms	0	468	-48	46.79985809326172	156.0	NaN	inf	-0.0	T#7m48s	0	FALSE	467
936	T#467ms	1	468	-48	46.79985809326172	156.0	NaN	inf	-0.0	T#7m48s	0	FALSE	468
937	T#468ms	0	469	52	46.89985656738281	156.33333333333334	NaN	inf	-0.0	T#7m49s	1	TRUE	468
938	T#468ms	1	469	52	46.89985656738281	156.33333333333334	NaN	inf	-0.0	T#7m49s	1	TRUE	469
939	T#469ms	0	470	-104	46.999855041503906	156.66666666666666	NaN	inf	-0.0	T#7m50s	2	FALSE	469
940	T#469ms	1	470	-104	46.999855041503906	156.66666666666666	NaN	inf	-0.0	T#7m50s	2	FALSE	470
941	T#470ms	0	471	-4	47.099853515625	157.0	NaN	inf	-0.0	T#7m51s	0	TRUE	470
942	T#470ms	1	471	-4	47.099853515625	157.0	NaN	inf	-0.0	T#7m51s	0	TRUE	471
943	T#471ms	0	472	96	47.199851989746094	157.33333333333334	NaN	inf	-0.0	T#7m52s	1	FALSE	471
944	T#471ms	1	472	96	47.199851989746094	157.33333333333334	NaN	inf	-0.0	T#7m52s	1	FALSE	472
945	T#472ms	0	473	-60	47.29985046386719	157.66666666666666	NaN	inf	-0.0	T#7m53s	2	TRUE	472
946	T#472ms	1	473	-60	47.29985046386719	157.66666666666666	NaN	inf	-0.0	T#7m53s	2	TRUE	473
947	T#473ms	0	474	40	47.39984893798828	158.0	NaN	inf	-0.0	T#7m54s	0	FALSE	473
948	T#473ms	1	474	40	47.39984893798828	158.0	NaN	inf	-0.0	T#7m54s	0	FALSE	474
949	T#474ms	0	475	-116	47.499847412109375	158.33333333333334	NaN	inf	-0.0	T#7m55s	1	TRUE	474
950	T#474ms	1	475	-116	47.499847412109375	158.33333333333334	NaN	inf	-0.0	T#7m55s	1	TRUE	475
951	T#475ms	0	476	-16	47.59984588623047	158.66666666666666	NaN	inf	-0.0	T#7m56s	2	FALSE	475
952	T#475ms	1	476	-16	47.59984588623047	158.66666666666666	NaN	inf	-0.0	T#7m56s	2	FALSE	476
953	T#476ms	0	477	84	47.69984436035156	159.0	NaN	inf	-0.0	T#7m57s	0	TRUE	476
954	T#476ms	1	477	84	47.69984436035156	159.0	NaN	inf	-0.0	T#7m57s	0	TRUE	477
955	T#477ms	0	478	-72	47.799842834472656	159.33333333333334	NaN	inf	-0.0	T#7m58s	1	FALSE	477
956	T#477ms	1	478	-72	47.799842834472656	159.33333333333334	NaN	inf	-0.0	T#7m58s	1	FALSE	478
957	T#478ms	0	479	28	47.89984130859375	159.66666666666666	NaN	inf	-0.0	T#7m59s	2	TRUE	478
958	T#478ms	1	479	28	47.89984130859375	159.66666666666666	NaN	inf	-0.0	T#7m59s	2	TRUE	479
959	T#479ms	0	480	-128	47.999839782714844	160.0	NaN	inf	-0.0	T#8m	0	FALSE	479
960	T#479ms	1	480	-128	47.999839782714844	160.0	NaN	inf	-0.0	T#8m	0	FALSE	480
961	T#480ms	0	481	-28	48.09983825683594	160.33333333333334	NaN	inf	-0.0	T#8m1s	1	TRUE	480
962	T#480ms	1	481	-28	48.09983825683594	160.33333333333334	NaN	inf	-0.0	T#8m1s	1	TRUE	481
963	T#481ms	0	482	72	48.19983673095703	160.66666666666666	NaN	inf	-0.0	T#8m2s	2	FALSE	481
964	T#481ms	1	482	72	48.19983673095703	160.66666666666666	NaN	inf	-0.0	T#8m2s	2	FALSE	482
965	T#482ms	0	483	-84	48.299835205078125	161.0	NaN	inf	-0.0	T#8m3s	0	TRUE	482
966	T#482ms	1	483	-84	48.299835205078125	161.0	NaN	inf	-0.0	T#8m3s	0	TRUE	483
967	T#483ms	0	484	16	48.39983367919922	161.33333333333334	NaN	inf	-0.0	T#8m4s	1	FALSE	483
968	T#483ms	1	484	16	48.39983367919922	161.33333333333334	NaN	inf	-0.0	T#8m4s	1	FALSE	484
969	T#484ms	0	485	116	48.49983215332031	161.66666666666666	NaN	inf	-0.0	T#8m5s	2	TRUE	484
970	T#484ms	1	485	116	48.49983215332031	161.66666666666666	NaN	inf	-0.0	T#8m5s	2	TRUE	485
971	T#485ms	0	486	-40	48.599830627441406	162.0	NaN	inf	-0.0	T#8m6s	0	FALSE	485
972	T#485ms	1	486	-40	48.599830627441406	162.0	NaN	inf	-0.0	T#8m6s	0	FALSE	486
973	T#486ms	0	487	60	48.6998291015625	162.33333333333334	NaN	inf	-0.0	T#8m7s	1	TRUE	486
974	T#486ms	1	487	60	48.6998291015625	162.33333333333334	NaN	inf	-0.0	T#8m7s	1	TRUE	487
975	T#487ms	0	488	-96	48.799827575683594	162.66666666666666	NaN	inf	-0.0	T#8m8s	2	FALSE	487
976	T#487ms	1	488	-96	48.799827575683594	162.66666666666666	NaN	inf	-0.0	T#8m8s	2	FALSE	488
977	T#488ms	0	489	4	48.89982604980469	163.0	NaN	inf	-0.0	T#8m9s	0	TRUE	488
978	T#488ms	1	489	4	48.89982604980469	163.0	NaN	inf	-0.0	T#8m9s	0	TRUE	489
979	T#489ms	0	490	104	48.99982452392578	163.33333333333334	NaN	inf	-0.0	T#8m10s	1	FALSE	489
980	T#489ms	1	490	104	48.99982452392578	163.33333333333334	NaN	inf	-0.0	T#8m10s	1	FALSE	490
981	T#490ms	0	491	-52	49.099822998046875	163.66666666666666	NaN	inf	-0.0	T#8m11s	2	TRUE	490
982	T#490ms	1	491	-52	49.099822998046875	163.66666666666666	NaN	inf	-0.0	T#8m11s	2	TRUE	491
983	T#491ms	0	492	48	49.19982147216797	164.0	NaN	inf	-0.0	T#8m12s	0	FALSE	491
984	T#491ms	1	492	48	49.19982147216797	164.0	NaN	inf	-0.0	T#8m12s	0	FALSE	492
985	T#492ms	0	493	-108	49.29981994628906	164.33333333333334	NaN	inf	-0.0	T#8m13s	1	TRUE	492
986	T#492ms	1	493	-108	49.29981994628906	164.33333333333334	NaN	inf	-0.0	T#8m13s	1	TRUE	493
987	T#493ms	0	494	-8	49.399818420410156	164.66666666666666	NaN	inf	-0.0	T#8m14s	2	FALSE	493
988	T#493ms	1	494	-8	49.399818420410156	164.66666666666666	NaN	inf	-0.0	T#8m14s	2	FALSE	494
989	T#494ms	0	495	92	49.49981689453125	165.0	NaN	inf	-0.0	T#8m15s	0	TRUE	494
990	T#494ms	1	495	92	49.49981689453125	165.0	NaN	inf	-0.0	T#8m15s	0	TRUE	495
991	T#495ms	0	496	-64	49.599815368652344	165.33333333333334	NaN	inf	-0.0	T#8m16s	1	FALSE	495
992	T#495ms	1	496	-64	49.599815368652344	165.33333333333334	NaN	inf	-0.0	T#8m16s	1	FALSE	496
993	T#496ms	0	497	36	49.69981384277344	165.66666666666666	NaN	inf	-0.0	T#8m17s	2	TRUE	496
994	T#496ms	1	497	36	49.69981384277344	165.66666666666666	NaN	inf	-0.0	T#8m17s	2	TRUE	497
995	T#497ms	0	498	-120	49.79981231689453	166.0	NaN	inf	-0.0	T#8m18s	0	FALSE	497
996	T#497ms	1	498	-120	49.79981231689453	166.0	NaN	inf	-0.0	T#8m18s	0	FALSE	498
997	T#498ms	0	499	-20	49.899810791015625	166.33333333333334	NaN	inf	-0.0	T#8m19s	1	TRUE	498
998	T#498ms	1	499	-20	49.899810791015625	166.33333333333334	NaN	inf	-0.0	T#8m19s	1	TRUE	499
999	T#499ms	0	500	80	49.99980926513672	166.66666666666666	NaN	inf	-0.0	T#8m20s	2	FALSE	499
1000	T#499ms	1	500	80	49.99980926513672	166.66666666666666	NaN	inf	-0.0	T#8m20s	2	FALSE	500
