# salman trace format 1
# salman version: 0.0.1
# seed: 0
# clock: virtual (reproducible)
# fingerprint: 5a8201e171d849e1768ab2d086bfac66222e57880260ee8905eb0b04f1ddb9a6
# samples: 17
scan	time	task	Motor	Jam_Lamp	Batch_Done	Parts.CV	Progress	State
1	T#0s	0	TRUE	FALSE	FALSE	0	0	1
2	T#1ms	0	TRUE	FALSE	FALSE	0	0	1
3	T#2ms	0	TRUE	FALSE	FALSE	0	0	1
4	T#3ms	0	TRUE	FALSE	FALSE	0	0	1
5	T#4ms	0	TRUE	FALSE	FALSE	1	10	1
6	T#5ms	0	TRUE	FALSE	FALSE	1	10	1
7	T#6ms	0	TRUE	FALSE	FALSE	1	10	1
8	T#7ms	0	TRUE	FALSE	FALSE	1	10	1
9	T#8ms	0	TRUE	FALSE	FALSE	1	10	1
10	T#9ms	0	TRUE	FALSE	FALSE	1	10	1
11	T#10ms	0	TRUE	FALSE	FALSE	2	20	1
12	T#11ms	0	TRUE	FALSE	FALSE	2	20	1
13	T#12ms	0	TRUE	FALSE	FALSE	2	20	1
14	T#13ms	0	TRUE	FALSE	FALSE	0	0	1
15	T#14ms	0	TRUE	FALSE	FALSE	0	0	1
16	T#15ms	0	TRUE	FALSE	FALSE	0	0	1
17	T#16ms	0	TRUE	FALSE	FALSE	0	0	1
